simplyrahul@DESKTOP-C4GRDQ2:~/gke/github/30-GCP-CloudSQL-Private-NO-ExternalNameService$ ls
README.md  kube-manifests
simplyrahul@DESKTOP-C4GRDQ2:~/gke/github/30-GCP-CloudSQL-Private-NO-ExternalNameService$ ls kube-manifests/
01-Kubernetes-Secrets.yaml  02-UserMgmtWebApp-Deployment.yaml  03-UserMgmtWebApp-LoadBalancer-Service.yaml
simplyrahul@DESKTOP-C4GRDQ2:~/gke/github/30-GCP-CloudSQL-Private-NO-ExternalNameService$ vim kube-manifests/01-Kubernetes-Secrets.yaml
simplyrahul@DESKTOP-C4GRDQ2:~/gke/github/30-GCP-CloudSQL-Private-NO-ExternalNameService$ cat kube-manifests/01-Kubernetes-Secrets.yaml
apiVersion: v1
kind: Secret
metadata:
  name: mysql-db-password
type: Opaque
data:
  db-password: bXlzcWxyb290cGFzc3dvcmQ=
# Base64 of KalyanReddy13
# https://www.base64encode.org/
# Base64 of KalyanReddy13 is S2FseWFuUmVkZHkxMw==
simplyrahul@DESKTOP-C4GRDQ2:~/gke/github/30-GCP-CloudSQL-Private-NO-ExternalNameService$ cat kube-manifests/02-UserMgmtWebApp-Deployment.yaml
apiVersion: apps/v1
kind: Deployment
metadata:
  name: usermgmt-webapp
  labels:
    app: usermgmt-webapp
spec:
  replicas: 1
  selector:
    matchLabels:
      app: usermgmt-webapp
  template:
    metadata:
      labels:
        app: usermgmt-webapp
    spec:
      initContainers:
        - name: init-db
          image: busybox:1.31
          #command: ['sh', '-c', 'echo -e "Checking for the availability of MySQL Server deployment"; while ! nc -z mysql-externalname-service 3306; do sleep 1; printf "-"; done; echo -e "  >> MySQL DB Server has started";']
          command: ['sh', '-c', 'echo -e "Checking for the availability of MySQL Server deployment"; while ! nc -z 10.80.0.3 3306; do sleep 1; printf "-"; done; echo -e "  >> MySQL DB Server has started";']

      containers:
        - name: usermgmt-webapp
          image: stacksimplify/kube-usermgmt-webapp:1.0.0-MySQLDB
          imagePullPolicy: Always
          ports:
            - containerPort: 8080
          env:
            - name: DB_HOSTNAME
              #value: "mysql-externalname-service"
              value: 10.80.0.3
            - name: DB_PORT
              value: "3306"
            - name: DB_NAME
              value: "webappdb"
            - name: DB_USERNAME
              value: "root"
            - name: DB_PASSWORD
              valueFrom:
                secretKeyRef:
                  name: mysql-db-password
                  key: db-password   simplyrahul@DESKTOP-C4GRDQ2:~/gke/github/30-GCP-CloudSQL-Private-NO-ExternalNameService$ vim kube-manifests/02-UserMgmtWebApp-Deployment.yaml
simplyrahul@DESKTOP-C4GRDQ2:~/gke/github/30-GCP-CloudSQL-Private-NO-ExternalNameService$ cat kube-manifests/02-UserMgmtWebApp-Deployment.yaml
apiVersion: apps/v1
kind: Deployment
metadata:
  name: usermgmt-webapp
  labels:
    app: usermgmt-webapp
spec:
  replicas: 1
  selector:
    matchLabels:
      app: usermgmt-webapp
  template:
    metadata:
      labels:
        app: usermgmt-webapp
    spec:
      initContainers:
        - name: init-db
          image: busybox:1.31
          #command: ['sh', '-c', 'echo -e "Checking for the availability of MySQL Server deployment"; while ! nc -z mysql-externalname-service 3306; do sleep 1; printf "-"; done; echo -e "  >> MySQL DB Server has started";']
          command: ['sh', '-c', 'echo -e "Checking for the availability of MySQL Server deployment"; while ! nc -z 10.80.0.3 3306; do sleep 1; printf "-"; done; echo -e "  >> MySQL DB Server has started";']

      containers:
        - name: usermgmt-webapp
          image: stacksimplify/kube-usermgmt-webapp:1.0.0-MySQLDB
          imagePullPolicy: Always
          ports:
            - containerPort: 8080
          env:
            - name: DB_HOSTNAME
              #value: "mysql-externalname-service"
              value: 10.116.0.3
            - name: DB_PORT
              value: "3306"
            - name: DB_NAME
              value: "webappdb"
            - name: DB_USERNAME
              value: "root"
            - name: DB_PASSWORD
              valueFrom:
                secretKeyRef:
                  name: mysql-db-password
                  key: db-password
simplyrahul@DESKTOP-C4GRDQ2:~/gke/github/30-GCP-CloudSQL-Private-NO-ExternalNameService$ vim kube-manifests/03-UserMgmtWebApp-LoadBalancer-Service.yaml
simplyrahul@DESKTOP-C4GRDQ2:~/gke/github/30-GCP-CloudSQL-Private-NO-ExternalNameService$ cat kube-manifests/03-UserMgmtWebApp-LoadBalancer-Service.yaml
apiVersion: v1
kind: Service
metadata:
  name: usermgmt-webapp-lb-service
  labels:
    app: usermgmt-webapp
spec:
  type: LoadBalancer
  selector:
    app: usermgmt-webapp
  ports:
    - port: 80 # Service Port
      targetPort: 8080 # Container Portsimplyrahul@DESKTOP-C4GRDQ2:~/gke/github/30-GCP-CloudSQL-Private-NO-ExternalNameService$ ls kube-manifests/
01-Kubernetes-Secrets.yaml  02-UserMgmtWebApp-Deployment.yaml  03-UserMgmtWebApp-LoadBalancer-Service.yaml
simplyrahul@DESKTOP-C4GRDQ2:~/gke/github/30-GCP-CloudSQL-Private-NO-ExternalNameService$ kubectl get all
NAME                                   READY   STATUS    RESTARTS   AGE
pod/usermgmt-webapp-57756696f5-6tkzf   1/1     Running   0          16m

NAME                                 TYPE           CLUSTER-IP    EXTERNAL-IP     PORT(S)        AGE
service/kubernetes                   ClusterIP      10.80.0.1     <none>          443/TCP        19d
service/mysql-externalname-service   ExternalName   <none>        10.116.0.3      <none>         16m
service/usermgmt-webapp-lb-service   LoadBalancer   10.80.2.230   35.232.21.169   80:32619/TCP   16m

NAME                              READY   UP-TO-DATE   AVAILABLE   AGE
deployment.apps/usermgmt-webapp   1/1     1            1           16m

NAME                                         DESIRED   CURRENT   READY   AGE
replicaset.apps/usermgmt-webapp-57756696f5   1         1         1       16m
simplyrahul@DESKTOP-C4GRDQ2:~/gke/github/30-GCP-CloudSQL-Private-NO-ExternalNameService$ vim kube-manifests/03-UserMgmtWebApp-LoadBalancer-Service.yaml
simplyrahul@DESKTOP-C4GRDQ2:~/gke/github/30-GCP-CloudSQL-Private-NO-ExternalNameService$ cat kube-manifests/02-UserMgmtWebApp-Deployment.yaml
apiVersion: apps/v1
kind: Deployment
metadata:
  name: usermgmt-webapp
  labels:
    app: usermgmt-webapp
spec:
  replicas: 1
  selector:
    matchLabels:
      app: usermgmt-webapp
  template:
    metadata:
      labels:
        app: usermgmt-webapp
    spec:
      initContainers:
        - name: init-db
          image: busybox:1.31
          #command: ['sh', '-c', 'echo -e "Checking for the availability of MySQL Server deployment"; while ! nc -z mysql-externalname-service 3306; do sleep 1; printf "-"; done; echo -e "  >> MySQL DB Server has started";']
          command: ['sh', '-c', 'echo -e "Checking for the availability of MySQL Server deployment"; while ! nc -z 10.80.0.3 3306; do sleep 1; printf "-"; done; echo -e "  >> MySQL DB Server has started";']

      containers:
        - name: usermgmt-webapp
          image: stacksimplify/kube-usermgmt-webapp:1.0.0-MySQLDB
          imagePullPolicy: Always
          ports:
            - containerPort: 8080
          env:
            - name: DB_HOSTNAME
              #value: "mysql-externalname-service"
              value: 10.116.0.3
            - name: DB_PORT
              value: "3306"
            - name: DB_NAME
              value: "webappdb"
            - name: DB_USERNAME
              value: "root"
            - name: DB_PASSWORD
              valueFrom:
                secretKeyRef:
                  name: mysql-db-password
                  key: db-password
simplyrahul@DESKTOP-C4GRDQ2:~/gke/github/30-GCP-CloudSQL-Private-NO-ExternalNameService$ vim kube-manifests/02-UserMgmtWebApp-Deployment.yaml
simplyrahul@DESKTOP-C4GRDQ2:~/gke/github/30-GCP-CloudSQL-Private-NO-ExternalNameService$ cd ../29-GKE-Storage-with-GCP-CloudSQL-Private/
simplyrahul@DESKTOP-C4GRDQ2:~/gke/github/29-GKE-Storage-with-GCP-CloudSQL-Private$ kubectl  delete -f kube-manifests/
service "mysql-externalname-service" deleted
secret "mysql-db-password" deleted
deployment.apps "usermgmt-webapp" deleted
service "usermgmt-webapp-lb-service" deleted
simplyrahul@DESKTOP-C4GRDQ2:~/gke/github/29-GKE-Storage-with-GCP-CloudSQL-Private$ cd ../30-GCP-CloudSQL-Private-NO-ExternalNameService/
simplyrahul@DESKTOP-C4GRDQ2:~/gke/github/30-GCP-CloudSQL-Private-NO-ExternalNameService$ kubectl cat kube-manifests/01-Kubernetes-Secrets.yaml
error: unknown command "cat" for "kubectl"

Did you mean this?
        set
        get
        cp
        wait
simplyrahul@DESKTOP-C4GRDQ2:~/gke/github/30-GCP-CloudSQL-Private-NO-ExternalNameService$ kubectl get kube-manifests/01-Kubernetes-Secrets.yaml
error: the server doesn't have a resource type "kube-manifests"
simplyrahul@DESKTOP-C4GRDQ2:~/gke/github/30-GCP-CloudSQL-Private-NO-ExternalNameService$ cat kube-manifests/01-Kubernetes-Secrets.yaml
apiVersion: v1
kind: Secret
metadata:
  name: mysql-db-password
type: Opaque
data:
  db-password: bXlzcWxyb290cGFzc3dvcmQ=
# Base64 of KalyanReddy13
# https://www.base64encode.org/
# Base64 of KalyanReddy13 is S2FseWFuUmVkZHkxMw==
simplyrahul@DESKTOP-C4GRDQ2:~/gke/github/30-GCP-CloudSQL-Private-NO-ExternalNameService$ cat kube-manifests/02-UserMgmtWebApp-Deployment.yaml
apiVersion: apps/v1
kind: Deployment
metadata:
  name: usermgmt-webapp
  labels:
    app: usermgmt-webapp
spec:
  replicas: 1
  selector:
    matchLabels:
      app: usermgmt-webapp
  template:
    metadata:
      labels:
        app: usermgmt-webapp
    spec:
      initContainers:
        - name: init-db
          image: busybox:1.31
          #command: ['sh', '-c', 'echo -e "Checking for the availability of MySQL Server deployment"; while ! nc -z mysql-externalname-service 3306; do sleep 1; printf "-"; done; echo -e "  >> MySQL DB Server has started";']
          command: ['sh', '-c', 'echo -e "Checking for the availability of MySQL Server deployment"; while ! nc -z  10.116.0.3 3306; do sleep 1; printf "-"; done; echo -e "  >> MySQL DB Server has started";']

      containers:
        - name: usermgmt-webapp
          image: stacksimplify/kube-usermgmt-webapp:1.0.0-MySQLDB
          imagePullPolicy: Always
          ports:
            - containerPort: 8080
          env:
            - name: DB_HOSTNAME
              #value: "mysql-externalname-service"
              value: 10.116.0.3
            - name: DB_PORT
              value: "3306"
            - name: DB_NAME
              value: "webappdb"
            - name: DB_USERNAME
              value: "root"
            - name: DB_PASSWORD
              valueFrom:
                secretKeyRef:
                  name: mysql-db-password
                  key: db-password
simplyrahul@DESKTOP-C4GRDQ2:~/gke/github/30-GCP-CloudSQL-Private-NO-ExternalNameService$ cat kube-manifests/03-UserMgmtWebApp-LoadBalancer-Service.yaml
apiVersion: v1
kind: Service
metadata:
  name: usermgmt-webapp-lb-service
  labels:
    app: usermgmt-webapp
spec:
  type: LoadBalancer
  selector:
    app: usermgmt-webapp
  ports:
    - port: 80 # Service Port
      targetPort: 8080 # Container Portsimplyrahul@DESKTOP-C4GRDQ2:~/gke/github/30-GCP-CloudSQL-Private-NO-ExternalNameService$
simplyrahul@DESKTOP-C4GRDQ2:~/gke/github/30-GCP-CloudSQL-Private-NO-ExternalNameService$
simplyrahul@DESKTOP-C4GRDQ2:~/gke/github/30-GCP-CloudSQL-Private-NO-ExternalNameService$ kubectl apply -f kube-manifests/
secret/mysql-db-password created
deployment.apps/usermgmt-webapp created
service/usermgmt-webapp-lb-service created
simplyrahul@DESKTOP-C4GRDQ2:~/gke/github/30-GCP-CloudSQL-Private-NO-ExternalNameService$ kubectl get deploy
NAME              READY   UP-TO-DATE   AVAILABLE   AGE
usermgmt-webapp   1/1     1            1           14s
simplyrahul@DESKTOP-C4GRDQ2:~/gke/github/30-GCP-CloudSQL-Private-NO-ExternalNameService$ kubectl get pods
NAME                               READY   STATUS    RESTARTS   AGE
usermgmt-webapp-669f754895-djqlz   1/1     Running   0          22s
simplyrahul@DESKTOP-C4GRDQ2:~/gke/github/30-GCP-CloudSQL-Private-NO-ExternalNameService$ kubectl logs -f usermgmt-webapp-669f754895-djqlz
Defaulted container "usermgmt-webapp" out of: usermgmt-webapp, init-db (init)
10-Sep-2023 04:46:09.845 INFO [main] org.apache.catalina.startup.VersionLoggerListener.log Server version:        Apache Tomcat/8.0.51
10-Sep-2023 04:46:09.853 INFO [main] org.apache.catalina.startup.VersionLoggerListener.log Server built:          Apr 9 2018 21:20:15 UTC
10-Sep-2023 04:46:09.854 INFO [main] org.apache.catalina.startup.VersionLoggerListener.log Server number:         8.0.51.0
10-Sep-2023 04:46:09.854 INFO [main] org.apache.catalina.startup.VersionLoggerListener.log OS Name:               Linux
10-Sep-2023 04:46:09.854 INFO [main] org.apache.catalina.startup.VersionLoggerListener.log OS Version:            5.15.109+
10-Sep-2023 04:46:09.855 INFO [main] org.apache.catalina.startup.VersionLoggerListener.log Architecture:          amd64
10-Sep-2023 04:46:09.855 INFO [main] org.apache.catalina.startup.VersionLoggerListener.log Java Home:             /usr/lib/jvm/java-1.8-openjdk/jre
10-Sep-2023 04:46:09.856 INFO [main] org.apache.catalina.startup.VersionLoggerListener.log JVM Version:           1.8.0_151-b12
10-Sep-2023 04:46:09.856 INFO [main] org.apache.catalina.startup.VersionLoggerListener.log JVM Vendor:            Oracle Corporation
10-Sep-2023 04:46:09.857 INFO [main] org.apache.catalina.startup.VersionLoggerListener.log CATALINA_BASE:         /usr/local/tomcat
10-Sep-2023 04:46:09.857 INFO [main] org.apache.catalina.startup.VersionLoggerListener.log CATALINA_HOME:         /usr/local/tomcat
10-Sep-2023 04:46:09.858 INFO [main] org.apache.catalina.startup.VersionLoggerListener.log Command line argument: -Djava.util.logging.config.file=/usr/local/tomcat/conf/logging.properties
10-Sep-2023 04:46:09.858 INFO [main] org.apache.catalina.startup.VersionLoggerListener.log Command line argument: -Djava.util.logging.manager=org.apache.juli.ClassLoaderLogManager
10-Sep-2023 04:46:09.858 INFO [main] org.apache.catalina.startup.VersionLoggerListener.log Command line argument: -Djdk.tls.ephemeralDHKeySize=2048
10-Sep-2023 04:46:09.859 INFO [main] org.apache.catalina.startup.VersionLoggerListener.log Command line argument: -Djava.protocol.handler.pkgs=org.apache.catalina.webresources
10-Sep-2023 04:46:09.859 INFO [main] org.apache.catalina.startup.VersionLoggerListener.log Command line argument: -Dignore.endorsed.dirs=
10-Sep-2023 04:46:09.860 INFO [main] org.apache.catalina.startup.VersionLoggerListener.log Command line argument: -Dcatalina.base=/usr/local/tomcat
10-Sep-2023 04:46:09.860 INFO [main] org.apache.catalina.startup.VersionLoggerListener.log Command line argument: -Dcatalina.home=/usr/local/tomcat
10-Sep-2023 04:46:09.861 INFO [main] org.apache.catalina.startup.VersionLoggerListener.log Command line argument: -Djava.io.tmpdir=/usr/local/tomcat/temp
10-Sep-2023 04:46:09.861 INFO [main] org.apache.catalina.core.AprLifecycleListener.lifecycleEvent Loaded APR based Apache Tomcat Native library 1.2.16 using APR version 1.6.3.
10-Sep-2023 04:46:09.861 INFO [main] org.apache.catalina.core.AprLifecycleListener.lifecycleEvent APR capabilities: IPv6 [true], sendfile [true], accept filters [false], random [true].
10-Sep-2023 04:46:09.867 INFO [main] org.apache.catalina.core.AprLifecycleListener.initializeSSL OpenSSL successfully initialized (OpenSSL 1.0.2o  27 Mar 2018)
10-Sep-2023 04:46:10.131 INFO [main] org.apache.coyote.AbstractProtocol.init Initializing ProtocolHandler ["http-apr-8080"]
10-Sep-2023 04:46:10.144 INFO [main] org.apache.coyote.AbstractProtocol.init Initializing ProtocolHandler ["ajp-apr-8009"]
10-Sep-2023 04:46:10.145 INFO [main] org.apache.catalina.startup.Catalina.load Initialization processed in 1245 ms
10-Sep-2023 04:46:10.198 INFO [main] org.apache.catalina.core.StandardService.startInternal Starting service Catalina
10-Sep-2023 04:46:10.198 INFO [main] org.apache.catalina.core.StandardEngine.startInternal Starting Servlet Engine: Apache Tomcat/8.0.51
10-Sep-2023 04:46:10.245 INFO [localhost-startStop-1] org.apache.catalina.startup.HostConfig.deployWAR Deploying web application archive /usr/local/tomcat/webapps/ROOT.war
10-Sep-2023 04:46:14.465 INFO [localhost-startStop-1] org.apache.jasper.servlet.TldScanner.scanJars At least one JAR was scanned for TLDs yet contained no TLDs. Enable debug logging for this logger for a complete list of JARs that were scanned but no TLDs were found in them. Skipping unneeded JARs during scanning can improve startup time and JSP compilation time.

  .   ____          _            __ _ _
 /\\ / ___'_ __ _ _(_)_ __  __ _ \ \ \ \
( ( )\___ | '_ | '_| | '_ \/ _` | \ \ \ \
 \\/  ___)| |_)| | | | | || (_| |  ) ) ) )
  '  |____| .__|_| |_|_| |_\__, | / / / /
 =========|_|==============|___/=/_/_/_/
 :: Spring Boot ::        (v2.1.6.RELEASE)

2023-09-10 04:46:16.549  INFO 1 --- [ost-startStop-1] .r.SpringbootSecurityInternalApplication : Starting SpringbootSecurityInternalApplication v1.0.0-MySQLDB on usermgmt-webapp-669f754895-djqlz with PID 1 (/usr/local/tomcat/webapps/ROOT/WEB-INF/classes started by root in /usr/local/tomcat)
2023-09-10 04:46:16.571  INFO 1 --- [ost-startStop-1] .r.SpringbootSecurityInternalApplication : No active profile set, falling back to default profiles: default
2023-09-10 04:46:19.862  INFO 1 --- [ost-startStop-1] o.s.web.context.ContextLoader            : Root WebApplicationContext: initialization completed in 3156 ms
Loading class `com.mysql.jdbc.Driver'. This is deprecated. The new driver class is `com.mysql.cj.jdbc.Driver'. The driver is automatically registered via the SPI and manual loading of the driver class is generally unnecessary.
2023-09-10 04:46:21.349  INFO 1 --- [ost-startStop-1] o.hibernate.jpa.internal.util.LogHelper  : HHH000204: Processing PersistenceUnitInfo [
        name: default
        ...]
2023-09-10 04:46:21.528  INFO 1 --- [ost-startStop-1] org.hibernate.Version                    : HHH000412: Hibernate Core {5.3.10.Final}
2023-09-10 04:46:21.531  INFO 1 --- [ost-startStop-1] org.hibernate.cfg.Environment            : HHH000206: hibernate.properties not found
2023-09-10 04:46:21.780  INFO 1 --- [ost-startStop-1] o.hibernate.annotations.common.Version   : HCANN000001: Hibernate Commons Annotations {5.0.4.Final}
2023-09-10 04:46:22.103  INFO 1 --- [ost-startStop-1] org.hibernate.dialect.Dialect            : HHH000400: Using dialect: org.hibernate.dialect.MySQL57Dialect
2023-09-10 04:46:26.178  INFO 1 --- [ost-startStop-1] .r.SpringbootSecurityInternalApplication : Started SpringbootSecurityInternalApplication in 11.11 seconds (JVM running for 17.897)
10-Sep-2023 04:46:26.229 INFO [localhost-startStop-1] org.apache.catalina.startup.HostConfig.deployWAR Deployment of web application archive /usr/local/tomcat/webapps/ROOT.war has finished in 15,983 ms
10-Sep-2023 04:46:26.235 INFO [main] org.apache.coyote.AbstractProtocol.start Starting ProtocolHandler ["http-apr-8080"]
10-Sep-2023 04:46:26.250 INFO [main] org.apache.coyote.AbstractProtocol.start Starting ProtocolHandler ["ajp-apr-8009"]
10-Sep-2023 04:46:26.257 INFO [main] org.apache.catalina.startup.Catalina.start Server startup in 16111 ms
^C
simplyrahul@DESKTOP-C4GRDQ2:~/gke/github/30-GCP-CloudSQL-Private-NO-ExternalNameService$ kubectl get svc
NAME                         TYPE           CLUSTER-IP     EXTERNAL-IP      PORT(S)        AGE
kubernetes                   ClusterIP      10.80.0.1      <none>           443/TCP        19d
usermgmt-webapp-lb-service   LoadBalancer   10.80.14.152   35.224.171.192   80:32730/TCP   55s
simplyrahul@DESKTOP-C4GRDQ2:~/gke/github/30-GCP-CloudSQL-Private-NO-ExternalNameService$ #
simplyrahul@DESKTOP-C4GRDQ2:~/gke/github/30-GCP-CloudSQL-Private-NO-ExternalNameService$ # #useridusernamefirstnamelastnameemailssnrole
simplyrahul@DESKTOP-C4GRDQ2:~/gke/github/30-GCP-CloudSQL-Private-NO-ExternalNameService$ #101admin101KalyanReddyadmin101@stacksimplify.comssn101
simplyrahul@DESKTOP-C4GRDQ2:~/gke/github/30-GCP-CloudSQL-Private-NO-ExternalNameService$ #102abhishekAbhishekSinhaabhishek@gmail.comssn-abhishek
simplyrahul@DESKTOP-C4GRDQ2:~/gke/github/30-GCP-CloudSQL-Private-NO-ExternalNameService$ #103anirudhAnirudhSinhaanirudh@gmail.comssn-anirudh
simplyrahul@DESKTOP-C4GRDQ2:~/gke/github/30-GCP-CloudSQL-Private-NO-ExternalNameService$
simplyrahul@DESKTOP-C4GRDQ2:~/gke/github/30-GCP-CloudSQL-Private-NO-ExternalNameService$ kubectl delete -f kube-manifests/
secret "mysql-db-password" deleted
deployment.apps "usermgmt-webapp" deleted
service "usermgmt-webapp-lb-service" deleted
simplyrahul@DESKTOP-C4GRDQ2:~/gke/github/30-GCP-CloudSQL-Private-NO-ExternalNameService$ #Deleted the instance "sara-private-mysql-db".
simplyrahul@DESKTOP-C4GRDQ2:~/gke/github/30-GCP-CloudSQL-Private-NO-ExternalNameService$
