simplyrahul@DESKTOP-C4GRDQ2:~/gke/github/49-GKE-Ingress-Preshared-SSL$ cd ../50-GKE-Ingress-Cloud-CDN/
simplyrahul@DESKTOP-C4GRDQ2:~/gke/github/50-GKE-Ingress-Cloud-CDN$ ls
README.md  kube-manifests
simplyrahul@DESKTOP-C4GRDQ2:~/gke/github/50-GKE-Ingress-Cloud-CDN$ vim kube-manifests/01-kubernetes-deployment.yaml
simplyrahul@DESKTOP-C4GRDQ2:~/gke/github/50-GKE-Ingress-Cloud-CDN$ vim kube-manifests/02-kubernetes-NodePort-service.yaml
simplyrahul@DESKTOP-C4GRDQ2:~/gke/github/50-GKE-Ingress-Cloud-CDN$ vim kube-manifests/03-ingress.yaml
simplyrahul@DESKTOP-C4GRDQ2:~/gke/github/50-GKE-Ingress-Cloud-CDN$ vim kube-manifests/04-backendconfig.yaml
simplyrahul@DESKTOP-C4GRDQ2:~/gke/github/50-GKE-Ingress-Cloud-CDN$ vim kube-manifests/0
01-kubernetes-deployment.yaml        02-kubernetes-NodePort-service.yaml  03-ingress.yaml                      04-backendconfig.yaml
simplyrahul@DESKTOP-C4GRDQ2:~/gke/github/50-GKE-Ingress-Cloud-CDN$ cat kube-manifests/01-kubernetes-deployment.yaml
apiVersion: apps/v1
kind: Deployment
metadata:
  name: cdn-demo-deployment
spec:
  replicas: 2
  selector:
    matchLabels:
      app: cdn-demo
  template:
    metadata:
      labels:
        app: cdn-demo
    spec:
      containers:
      - name: cdn-demo
        image: us-docker.pkg.dev/google-samples/containers/gke/hello-app-cdn:1.0
        ports:
        - containerPort: 8080



simplyrahul@DESKTOP-C4GRDQ2:~/gke/github/50-GKE-Ingress-Cloud-CDN$ cat kube-manifests/02-kubernetes-NodePort-service.yaml
apiVersion: v1
kind: Service
metadata:
  name: cdn-demo-nodeport-service
  annotations:
    cloud.google.com/backend-config: '{"default": "my-backendconfig"}'
spec:
  type: NodePort
  selector:
    app: cdn-demo
  ports:
  - port: 80
    targetPort: 8080
simplyrahul@DESKTOP-C4GRDQ2:~/gke/github/50-GKE-Ingress-Cloud-CDN$ cat kube-manifests/03-ingress.yaml
apiVersion: networking.k8s.io/v1
kind: Ingress
metadata:
  name: ingress-cdn-demo
  annotations:
    # External Load Balancer
    kubernetes.io/ingress.class: "gce"
    # Static IP for Ingress Service
    kubernetes.io/ingress.global-static-ip-name: "gke-ingress-extip1"
    # External DNS - For creating a Record Set in Google Cloud Cloud DNS
    external-dns.alpha.kubernetes.io/hostname: sara-ingress-cdn.rahulsinha.info
spec:
  defaultBackend:
    service:
      name: cdn-demo-nodeport-service
      port:
        number: 80
simplyrahul@DESKTOP-C4GRDQ2:~/gke/github/50-GKE-Ingress-Cloud-CDN$ cat kube-manifests/04-backendconfig.yaml
apiVersion: cloud.google.com/v1
kind: BackendConfig
metadata:
  name: my-backendconfig
spec:
  timeoutSec: 42 # Backend service timeout: https://cloud.google.com/kubernetes-engine/docs/how-to/ingress-features#timeout
  connectionDraining: # Connection draining timeout: https://cloud.google.com/kubernetes-engine/docs/how-to/ingress-features#draining_timeout
    drainingTimeoutSec: 62
  logging: # HTTP access logging: https://cloud.google.com/kubernetes-engine/docs/how-to/ingress-features#http_logging
    enable: true
    sampleRate: 1.0
  cdn:
    enabled: true
    cachePolicy:
      includeHost: true
      includeProtocol: true
      includeQueryString: false

# sampleRate: Specify a value from 0.0 through 1.0, where 0.0 means no packets are logged
# and 1.0 means 100% of packets are logged. This field is only relevant if enable is set
# to true. sampleRate is an optional field, but if it's configured then enable: true must
# also be set or else it is interpreted as enable: false.    simplyrahul@DESKTOP-C4GRDQ2:~/gke/github/50-GKE-Ingress-Cloud-CDN$
simplyrahul@DESKTOP-C4GRDQ2:~/gke/github/50-GKE-Ingress-Cloud-CDN$
simplyrahul@DESKTOP-C4GRDQ2:~/gke/github/50-GKE-Ingress-Cloud-CDN$ kubectl apply -f kube-manifests/
deployment.apps/cdn-demo-deployment created
service/cdn-demo-nodeport-service created
Warning: annotation "kubernetes.io/ingress.class" is deprecated, please use 'spec.ingressClassName' instead
ingress.networking.k8s.io/ingress-cdn-demo created
backendconfig.cloud.google.com/my-backendconfig created
simplyrahul@DESKTOP-C4GRDQ2:~/gke/github/50-GKE-Ingress-Cloud-CDN$ for i in deploy pods services ingress backendconfig ; do echo "kubectl get ${i}" && kubectl get ${i} -o wide --show-labels && echo "" ;done
kubectl get deploy
NAME                  READY   UP-TO-DATE   AVAILABLE   AGE    CONTAINERS   IMAGES                                                              SELECTOR       LABELS
cdn-demo-deployment   2/2     2            2           3m1s   cdn-demo     us-docker.pkg.dev/google-samples/containers/gke/hello-app-cdn:1.0   app=cdn-demo   <none>

kubectl get pods
NAME                                   READY   STATUS    RESTARTS   AGE    IP            NODE                                                  NOMINATED NODE   READINESS GATES   LABELS
cdn-demo-deployment-79d9dc75df-5gcp9   1/1     Running   0          3m5s   10.76.1.168   gke-private-standard-22a-default-pool-f62b7b3f-4qbg   <none>           <none>            app=cdn-demo,pod-template-hash=79d9dc75df
cdn-demo-deployment-79d9dc75df-ctvtv   1/1     Running   0          3m5s   10.76.0.21    gke-private-standard-22a-default-pool-b8a9f9fd-1hff   <none>           <none>            app=cdn-demo,pod-template-hash=79d9dc75df

kubectl get services
NAME                        TYPE        CLUSTER-IP     EXTERNAL-IP   PORT(S)        AGE    SELECTOR       LABELS
cdn-demo-nodeport-service   NodePort    10.80.15.164   <none>        80:30154/TCP   3m7s   app=cdn-demo   <none>
kubernetes                  ClusterIP   10.80.0.1      <none>        443/TCP        45d    <none>         component=apiserver,provider=kubernetes

kubectl get ingress
NAME               CLASS    HOSTS   ADDRESS       PORTS   AGE     LABELS
ingress-cdn-demo   <none>   *       34.36.100.7   80      3m10s   <none>

kubectl get backendconfig
NAME               AGE     LABELS
my-backendconfig   3m13s   <none>

simplyrahul@DESKTOP-C4GRDQ2:~/gke/github/50-GKE-Ingress-Cloud-CDN$ kubectl describe ingress ingress-cdn-demo
Name:             ingress-cdn-demo
Labels:           <none>
Namespace:        default
Address:          34.36.100.7
Ingress Class:    <none>
Default backend:  cdn-demo-nodeport-service:80 (10.76.0.21:8080,10.76.1.168:8080)
Rules:
  Host        Path  Backends
  ----        ----  --------
  *           *     cdn-demo-nodeport-service:80 (10.76.0.21:8080,10.76.1.168:8080)
Annotations:  external-dns.alpha.kubernetes.io/hostname: sara-ingress-cdn.rahulsinha.info
              ingress.kubernetes.io/backends: {"k8s1-3b22a415-default-cdn-demo-nodeport-service-80-bf6f7661":"HEALTHY"}
              ingress.kubernetes.io/forwarding-rule: k8s2-fr-jdj5k2n0-default-ingress-cdn-demo-yeczyiwl
              ingress.kubernetes.io/target-proxy: k8s2-tp-jdj5k2n0-default-ingress-cdn-demo-yeczyiwl
              ingress.kubernetes.io/url-map: k8s2-um-jdj5k2n0-default-ingress-cdn-demo-yeczyiwl
              kubernetes.io/ingress.class: gce
              kubernetes.io/ingress.global-static-ip-name: gke-ingress-extip1
Events:
  Type     Reason     Age                  From                     Message
  ----     ------     ----                 ----                     -------
  Warning  Translate  23m (x7 over 23m)    loadbalancer-controller  Translation failed: invalid ingress spec: error getting BackendConfig for port "&ServiceBackendPort{Name:,Number:80,}" on service "default/cdn-demo-nodeport-service", err: no BackendConfig for service port exists.
  Normal   Sync       22m                  loadbalancer-controller  UrlMap "k8s2-um-jdj5k2n0-default-ingress-cdn-demo-yeczyiwl" created
  Normal   Sync       22m                  loadbalancer-controller  TargetProxy "k8s2-tp-jdj5k2n0-default-ingress-cdn-demo-yeczyiwl" created
  Normal   Sync       21m                  loadbalancer-controller  ForwardingRule "k8s2-fr-jdj5k2n0-default-ingress-cdn-demo-yeczyiwl" created
  Normal   IPChanged  21m                  loadbalancer-controller  IP is now 34.36.100.7
  Normal   Sync       9m49s (x7 over 23m)  loadbalancer-controller  Scheduled for sync
simplyrahul@DESKTOP-C4GRDQ2:~/gke/github/50-GKE-Ingress-Cloud-CDN$ kubectl describe backendconfig my-backendconfig
Name:         my-backendconfig
Namespace:    default
Labels:       <none>
Annotations:  <none>
API Version:  cloud.google.com/v1
Kind:         BackendConfig
Metadata:
  Creation Timestamp:  2023-10-06T08:11:10Z
  Generation:          1
  Resource Version:    44703378
  UID:                 4ae5b0d3-b05f-480d-8d13-c91fd000ee04
Spec:
  Cdn:
    Cache Policy:
      Include Host:          true
      Include Protocol:      true
      Include Query String:  false
    Enabled:                 true
  Connection Draining:
    Draining Timeout Sec:  62
  Logging:
    Enable:       true
    Sample Rate:  1
  Timeout Sec:    42
Events:           <none>
simplyrahul@DESKTOP-C4GRDQ2:~/gke/github/50-GKE-Ingress-Cloud-CDN$ nslookup sara-ingress-cdn.rahulsinha.info
Server:         172.23.192.1
Address:        172.23.192.1#53

Non-authoritative answer:
Name:   sara-ingress-cdn.rahulsinha.info
Address: 34.36.100.7

simplyrahul@DESKTOP-C4GRDQ2:~/gke/github/50-GKE-Ingress-Cloud-CDN$ curl http://sara-ingress-cdn.rahulsinha.info
Hello, world!
Version: 1.0.0
Hostname: cdn-demo-deployment-79d9dc75df-5gcp9
simplyrahul@DESKTOP-C4GRDQ2:~/gke/github/50-GKE-Ingress-Cloud-CDN$ curl http://34.36.100.7/
Hello, world!
Version: 1.0.0
Hostname: cdn-demo-deployment-79d9dc75df-5gcp9
simplyrahul@DESKTOP-C4GRDQ2:~/gke/github/50-GKE-Ingress-Cloud-CDN$ curl -v http://sara-ingress-cdn.rahulsinha.info
*   Trying 34.36.100.7:80...
* TCP_NODELAY set
* Connected to sara-ingress-cdn.rahulsinha.info (34.36.100.7) port 80 (#0)
> GET / HTTP/1.1
> Host: sara-ingress-cdn.rahulsinha.info
> User-Agent: curl/7.68.0
> Accept: */*
>
* Mark bundle as not supporting multiuse
< HTTP/1.1 200 OK
< Date: Fri, 06 Oct 2023 08:37:23 GMT
< Content-Length: 76
< Content-Type: text/plain; charset=utf-8
< Via: 1.1 google
< Cache-Control: max-age=3600,public
<
Hello, world!
Version: 1.0.0
Hostname: cdn-demo-deployment-79d9dc75df-5gcp9
* Connection #0 to host sara-ingress-cdn.rahulsinha.info left intact
simplyrahul@DESKTOP-C4GRDQ2:~/gke/github/50-GKE-Ingress-Cloud-CDN$ curl -v http://sara-ingress-cdn.rahulsinha.info/?cache=true
*   Trying 34.36.100.7:80...
* TCP_NODELAY set
* Connected to sara-ingress-cdn.rahulsinha.info (34.36.100.7) port 80 (#0)
> GET /?cache=true HTTP/1.1
> Host: sara-ingress-cdn.rahulsinha.info
> User-Agent: curl/7.68.0
> Accept: */*
>
* Mark bundle as not supporting multiuse
< HTTP/1.1 200 OK
< Date: Fri, 06 Oct 2023 08:37:37 GMT
< Content-Length: 76
< Content-Type: text/plain; charset=utf-8
< Via: 1.1 google
< Cache-Control: max-age=3600,public
<
Hello, world!
Version: 1.0.0
Hostname: cdn-demo-deployment-79d9dc75df-5gcp9
* Connection #0 to host sara-ingress-cdn.rahulsinha.info left intact
simplyrahul@DESKTOP-C4GRDQ2:~/gke/github/50-GKE-Ingress-Cloud-CDN$ curl -v http://34.36.100.7/?cache=true
*   Trying 34.36.100.7:80...
* TCP_NODELAY set
* Connected to 34.36.100.7 (34.36.100.7) port 80 (#0)
> GET /?cache=true HTTP/1.1
> Host: 34.36.100.7
> User-Agent: curl/7.68.0
> Accept: */*
>
* Mark bundle as not supporting multiuse
< HTTP/1.1 200 OK
< Content-Length: 76
< Via: 1.1 google
< Date: Fri, 06 Oct 2023 08:37:08 GMT
< Content-Type: text/plain; charset=utf-8
< Age: 78
< Cache-Control: max-age=3600,public
<
Hello, world!
Version: 1.0.0
Hostname: cdn-demo-deployment-79d9dc75df-5gcp9
* Connection #0 to host 34.36.100.7 left intact
simplyrahul@DESKTOP-C4GRDQ2:~/gke/github/50-GKE-Ingress-Cloud-CDN$ curl -v http://34.36.100.7/?cache=true
*   Trying 34.36.100.7:80...
* TCP_NODELAY set
* Connected to 34.36.100.7 (34.36.100.7) port 80 (#0)
> GET /?cache=true HTTP/1.1
> Host: 34.36.100.7
> User-Agent: curl/7.68.0
> Accept: */*
>
* Mark bundle as not supporting multiuse
< HTTP/1.1 200 OK
< Date: Fri, 06 Oct 2023 08:49:34 GMT
< Content-Length: 76
< Content-Type: text/plain; charset=utf-8
< Via: 1.1 google
< Cache-Control: max-age=3600,public
<
Hello, world!
Version: 1.0.0
Hostname: cdn-demo-deployment-79d9dc75df-5gcp9
* Connection #0 to host 34.36.100.7 left intact
simplyrahul@DESKTOP-C4GRDQ2:~/gke/github/50-GKE-Ingress-Cloud-CDN$ curl -v http://sara-ingress-cdn.rahulsinha.info/?cache=true
*   Trying 34.36.100.7:80...
* TCP_NODELAY set
* Connected to sara-ingress-cdn.rahulsinha.info (34.36.100.7) port 80 (#0)
> GET /?cache=true HTTP/1.1
> Host: sara-ingress-cdn.rahulsinha.info
> User-Agent: curl/7.68.0
> Accept: */*
>
* Mark bundle as not supporting multiuse
< HTTP/1.1 200 OK
< Date: Fri, 06 Oct 2023 08:49:37 GMT
< Content-Length: 76
< Content-Type: text/plain; charset=utf-8
< Via: 1.1 google
< Cache-Control: max-age=3600,public
<
Hello, world!
Version: 1.0.0
Hostname: cdn-demo-deployment-79d9dc75df-5gcp9
* Connection #0 to host sara-ingress-cdn.rahulsinha.info left intact
simplyrahul@DESKTOP-C4GRDQ2:~/gke/github/50-GKE-Ingress-Cloud-CDN$ curl -v http://sara-ingress-cdn.rahulsinha.info
*   Trying 34.36.100.7:80...
* TCP_NODELAY set
* Connected to sara-ingress-cdn.rahulsinha.info (34.36.100.7) port 80 (#0)
> GET / HTTP/1.1
> Host: sara-ingress-cdn.rahulsinha.info
> User-Agent: curl/7.68.0
> Accept: */*
>
* Mark bundle as not supporting multiuse
< HTTP/1.1 200 OK
< Content-Length: 76
< Via: 1.1 google
< Date: Fri, 06 Oct 2023 08:49:37 GMT
< Content-Type: text/plain; charset=utf-8
< Age: 4
< Cache-Control: max-age=3600,public
<
Hello, world!
Version: 1.0.0
Hostname: cdn-demo-deployment-79d9dc75df-5gcp9
* Connection #0 to host sara-ingress-cdn.rahulsinha.info left intact
simplyrahul@DESKTOP-C4GRDQ2:~/gke/github/50-GKE-Ingress-Cloud-CDN$ curl -v http://sara-ingress-cdn.rahulsinha.info
*   Trying 34.36.100.7:80...
* TCP_NODELAY set
* Connected to sara-ingress-cdn.rahulsinha.info (34.36.100.7) port 80 (#0)
> GET / HTTP/1.1
> Host: sara-ingress-cdn.rahulsinha.info
> User-Agent: curl/7.68.0
> Accept: */*
>
* Mark bundle as not supporting multiuse
< HTTP/1.1 200 OK
< Date: Fri, 06 Oct 2023 08:49:47 GMT
< Content-Length: 76
< Content-Type: text/plain; charset=utf-8
< Via: 1.1 google
< Cache-Control: max-age=3600,public
<
Hello, world!
Version: 1.0.0
Hostname: cdn-demo-deployment-79d9dc75df-5gcp9
* Connection #0 to host sara-ingress-cdn.rahulsinha.info left intact
simplyrahul@DESKTOP-C4GRDQ2:~/gke/github/50-GKE-Ingress-Cloud-CDN$ vim dns-record.txt
simplyrahul@DESKTOP-C4GRDQ2:~/gke/github/50-GKE-Ingress-Cloud-CDN$ for i in 100 ; do curl -v http://sara-ingress-cdn.rahulsinha.info && sleep 5 ; done
*   Trying 34.36.100.7:80...
* TCP_NODELAY set
* Connected to sara-ingress-cdn.rahulsinha.info (34.36.100.7) port 80 (#0)
> GET / HTTP/1.1
> Host: sara-ingress-cdn.rahulsinha.info
> User-Agent: curl/7.68.0
> Accept: */*
>
* Mark bundle as not supporting multiuse
< HTTP/1.1 200 OK
< Content-Length: 76
< Via: 1.1 google
< Date: Fri, 06 Oct 2023 08:49:47 GMT
< Content-Type: text/plain; charset=utf-8
< Age: 229
< Cache-Control: max-age=3600,public
<
Hello, world!
Version: 1.0.0
Hostname: cdn-demo-deployment-79d9dc75df-5gcp9
* Connection #0 to host sara-ingress-cdn.rahulsinha.info left intact
^C
simplyrahul@DESKTOP-C4GRDQ2:~/gke/github/50-GKE-Ingress-Cloud-CDN$ ^C
simplyrahul@DESKTOP-C4GRDQ2:~/gke/github/50-GKE-Ingress-Cloud-CDN$ for i in 100 ; do curl -s http://sara-ingress-cdn.rahulsinha.info && sleep 5 ; done
Hello, world!
Version: 1.0.0
Hostname: cdn-demo-deployment-79d9dc75df-5gcp9
simplyrahul@DESKTOP-C4GRDQ2:~/gke/github/50-GKE-Ingress-Cloud-CDN$ vim dns-record.txt
simplyrahul@DESKTOP-C4GRDQ2:~/gke/github/50-GKE-Ingress-Cloud-CDN$
simplyrahul@DESKTOP-C4GRDQ2:~/gke/github/50-GKE-Ingress-Cloud-CDN$ ls -ltr
total 200
-rw-r--r-- 1 simplyrahul simplyrahul   6565 Aug 26 14:03 README.md
drwxr-xr-x 2 simplyrahul simplyrahul   4096 Oct  6 16:08 kube-manifests
-rw-r--r-- 1 simplyrahul simplyrahul   1423 Oct  6 16:54 dns-record.txt
-rwxr-xr-x 1 simplyrahul simplyrahul 188369 Oct  6 17:16 sara-ingress-cdn-monitoring.jpg
simplyrahul@DESKTOP-C4GRDQ2:~/gke/github/50-GKE-Ingress-Cloud-CDN$ git commit -am"cdn ingress stats"
[main b05f33a] cdn ingress stats
 3 files changed, 8 insertions(+), 8 deletions(-)
simplyrahul@DESKTOP-C4GRDQ2:~/gke/github/50-GKE-Ingress-Cloud-CDN$ git add -A .
simplyrahul@DESKTOP-C4GRDQ2:~/gke/github/50-GKE-Ingress-Cloud-CDN$ git commit -am"cdn ingress stats"
[main ed7b54b] cdn ingress stats
 2 files changed, 23 insertions(+)
 create mode 100644 50-GKE-Ingress-Cloud-CDN/dns-record.txt
 create mode 100755 50-GKE-Ingress-Cloud-CDN/sara-ingress-cdn-monitoring.jpg
simplyrahul@DESKTOP-C4GRDQ2:~/gke/github/50-GKE-Ingress-Cloud-CDN$ git push
Username for 'https://github.com': simplyrahul@gmail.com
Password for 'https://simplyrahul@gmail.com@github.com':
Enumerating objects: 18, done.
Counting objects: 100% (18/18), done.
Delta compression using up to 12 threads
Compressing objects: 100% (12/12), done.
Writing objects: 100% (12/12), 143.75 KiB | 20.54 MiB/s, done.
Total 12 (delta 5), reused 0 (delta 0)
remote: Resolving deltas: 100% (5/5), completed with 4 local objects.
To https://github.com/simplyrahul1/google-kubernetes-engine.git
   46ae6ab..ed7b54b  main -> main
