simplyrahul@DESKTOP-C4GRDQ2:~/gke/github/34-GKE-Ingress-Basics$ ls
README.md  kube-manifests
simplyrahul@DESKTOP-C4GRDQ2:~/gke/github/34-GKE-Ingress-Basics$ ls kube-manifests/
01-Nginx-App3-Deployment-and-NodePortService.yaml  02-ingress-basic.yaml
simplyrahul@DESKTOP-C4GRDQ2:~/gke/github/34-GKE-Ingress-Basics$ cat kube-manifests/01-Nginx-App3-Deployment-and-NodePortService.yaml
apiVersion: apps/v1
kind: Deployment
metadata:
  name: app3-nginx-deployment
  labels:
    app: app3-nginx
spec:
  replicas: 1
  selector:
    matchLabels:
      app: app3-nginx
  template:
    metadata:
      labels:
        app: app3-nginx
    spec:
      containers:
        - name: app3-nginx
          image: stacksimplify/kubenginx:1.0.0
          ports:
            - containerPort: 80
---
apiVersion: v1
kind: Service
metadata:
  name: app3-nginx-nodeport-service
  labels:
    app: app3-nginx
  annotations:
spec:
  type: NodePort
  selector:
    app: app3-nginx
  ports:
    - port: 80
      targetPort: 80

   simplyrahul@DESKTOP-C4GRDQ2:~/gke/github/34-GKE-Ingress-Basics$ ls
README.md  kube-manifests
simplyrahul@DESKTOP-C4GRDQ2:~/gke/github/34-GKE-Ingress-Basics$ cat kube-manifests/02-ingress-basic.yaml
apiVersion: networking.k8s.io/v1
kind: Ingress
metadata:
  name: ingress-basics
  annotations:
    # If the class annotation is not specified it defaults to "gce".
    # gce: external load balancer
    # gce-internal: internal load balancer
    kubernetes.io/ingress.class: "gce"
spec:
  defaultBackend:
    service:
      name: app3-nginx-nodeport-service
      port:
        number: 80

simplyrahul@DESKTOP-C4GRDQ2:~/gke/github/34-GKE-Ingress-Basics$ kubecl apply -f kube-manifests/
kubecl: command not found
simplyrahul@DESKTOP-C4GRDQ2:~/gke/github/34-GKE-Ingress-Basics$ kubectl apply -f kube-manifests/
deployment.apps/app3-nginx-deployment created
service/app3-nginx-nodeport-service created
Warning: annotation "kubernetes.io/ingress.class" is deprecated, please use 'spec.ingressClassName' instead
ingress.networking.k8s.io/ingress-basics created
simplyrahul@DESKTOP-C4GRDQ2:~/gke/github/34-GKE-Ingress-Basics$ kuberctl get all
kuberctl: command not found
simplyrahul@DESKTOP-C4GRDQ2:~/gke/github/34-GKE-Ingress-Basics$ kubectl get all
NAME                                         READY   STATUS    RESTARTS   AGE
pod/app3-nginx-deployment-776cb56c8d-45skt   1/1     Running   0          27m

NAME                                  TYPE        CLUSTER-IP    EXTERNAL-IP   PORT(S)        AGE
service/app3-nginx-nodeport-service   NodePort    10.80.5.109   <none>        80:30042/TCP   27m
service/kubernetes                    ClusterIP   10.80.0.1     <none>        443/TCP        22d

NAME                                    READY   UP-TO-DATE   AVAILABLE   AGE
deployment.apps/app3-nginx-deployment   1/1     1            1           27m

NAME                                               DESIRED   CURRENT   READY   AGE
replicaset.apps/app3-nginx-deployment-776cb56c8d   1         1         1       27m
simplyrahul@DESKTOP-C4GRDQ2:~/gke/github/34-GKE-Ingress-Basics$ kubectl get deploy
NAME                    READY   UP-TO-DATE   AVAILABLE   AGE
app3-nginx-deployment   1/1     1            1           27m
simplyrahul@DESKTOP-C4GRDQ2:~/gke/github/34-GKE-Ingress-Basics$ kubectl get pods -o wide --show-labels
NAME                                     READY   STATUS    RESTARTS   AGE   IP            NODE                                                  NOMINATED NODE   READINESS GATES   LABELS
app3-nginx-deployment-776cb56c8d-45skt   1/1     Running   0          28m   10.76.1.102   gke-private-standard-22a-default-pool-f62b7b3f-4qbg   <none>           <none>            app=app3-nginx,pod-template-hash=776cb56c8d
simplyrahul@DESKTOP-C4GRDQ2:~/gke/github/34-GKE-Ingress-Basics$ kubectl get svc -o wide --show-labels
NAME                          TYPE        CLUSTER-IP    EXTERNAL-IP   PORT(S)        AGE   SELECTOR         LABELS
app3-nginx-nodeport-service   NodePort    10.80.5.109   <none>        80:30042/TCP   28m   app=app3-nginx   app=app3-nginx
kubernetes                    ClusterIP   10.80.0.1     <none>        443/TCP        22d   <none>           component=apiserver,provider=kubernetes
simplyrahul@DESKTOP-C4GRDQ2:~/gke/github/34-GKE-Ingress-Basics$ kubectl get ingress -o wide --show-labels
NAME             CLASS    HOSTS   ADDRESS        PORTS   AGE   LABELS
ingress-basics   <none>   *       34.36.81.221   80      28m   <none>
simplyrahul@DESKTOP-C4GRDQ2:~/gke/github/34-GKE-Ingress-Basics$ kubectl describe ingress ingress-basics
Name:             ingress-basics
Labels:           <none>
Namespace:        default
Address:          34.36.81.221
Ingress Class:    <none>
Default backend:  app3-nginx-nodeport-service:80 (10.76.1.102:80)
Rules:
  Host        Path  Backends
  ----        ----  --------
  *           *     app3-nginx-nodeport-service:80 (10.76.1.102:80)
Annotations:  ingress.kubernetes.io/backends: {"k8s1-3b22a415-default-app3-nginx-nodeport-service-80-73aaa8f6":"HEALTHY"}
              ingress.kubernetes.io/forwarding-rule: k8s2-fr-jdj5k2n0-default-ingress-basics-3zrgftej
              ingress.kubernetes.io/target-proxy: k8s2-tp-jdj5k2n0-default-ingress-basics-3zrgftej
              ingress.kubernetes.io/url-map: k8s2-um-jdj5k2n0-default-ingress-basics-3zrgftej
              kubernetes.io/ingress.class: gce
Events:
  Type    Reason     Age                  From                     Message
  ----    ------     ----                 ----                     -------
  Normal  Sync       28m                  loadbalancer-controller  UrlMap "k8s2-um-jdj5k2n0-default-ingress-basics-3zrgftej" created
  Normal  Sync       28m                  loadbalancer-controller  TargetProxy "k8s2-tp-jdj5k2n0-default-ingress-basics-3zrgftej" created
  Normal  Sync       28m                  loadbalancer-controller  ForwardingRule "k8s2-fr-jdj5k2n0-default-ingress-basics-3zrgftej" created
  Normal  IPChanged  28m                  loadbalancer-controller  IP is now 34.36.81.221
  Normal  Sync       6m29s (x8 over 29m)  loadbalancer-controller  Scheduled for sync
simplyrahul@DESKTOP-C4GRDQ2:~/gke/github/34-GKE-Ingress-Basics$ curl -s http://34.36.81.221
<!DOCTYPE html>
<html>
   <body style="background-color:lightgoldenrodyellow;">
      <h1>Welcome to Stack Simplify</h1>
      <p>Kubernetes Fundamentals Demo</p>
      <p>Application Version: V1</p>
   </body>
</html>simplyrahul@DESKTOP-C4GRDQ2:~/gke/github/34-GKE-Ingress-Basics$ kubectl run -it tempcurlpod --image=curlimages/curl --rm --restart=Never -- sh -c "curl -s http://34.36.81.221"
<!DOCTYPE html>
<html>
   <body style="background-color:lightgoldenrodyellow;">
      <h1>Welcome to Stack Simplify</h1>
      <p>Kubernetes Fundamentals Demo</p>
      <p>Application Version: V1</p>
   </body>
</html>pod "tempcurlpod" deleted
simplyrahul@DESKTOP-C4GRDQ2:~/gke/github/34-GKE-Ingress-Basics$ kubectl run -it tempcurlpod --image=curlimages/curl --rm --restart=Never -- sh -c "curl -s http://10.80.5.109"
<!DOCTYPE html>
<html>
   <body style="background-color:lightgoldenrodyellow;">
      <h1>Welcome to Stack Simplify</h1>
      <p>Kubernetes Fundamentals Demo</p>
      <p>Application Version: V1</p>
   </body>
</html>pod "tempcurlpod" deleted
simplyrahul@DESKTOP-C4GRDQ2:~/gke/github/34-GKE-Ingress-Basics$ ls
README.md  kube-manifests
simplyrahul@DESKTOP-C4GRDQ2:~/gke/github/34-GKE-Ingress-Basics$ kubectl delete -f kube-manifests/
deployment.apps "app3-nginx-deployment" deleted
service "app3-nginx-nodeport-service" deleted
ingress.networking.k8s.io "ingress-basics" deleted
simplyrahul@DESKTOP-C4GRDQ2:~/gke/github/34-GKE-Ingress-Basics$
