# List Helm 
helm  list -n external-dns-ns

# List Kubernetes Service Account
kubectl -n external-dns-ns get sa

# Describe Kubernetes Service Account
kubectl -n external-dns-ns describe sa external-dns-ksa

# List All resources from default Namespace
kubectl -n external-dns-ns get all

# List pods (external-dns pod should be in running state)
kubectl -n external-dns-ns get pods

# Verify Deployment by checking logs
kubectl -n external-dns-ns logs -f $(kubectl -n external-dns-ns get po | egrep -o 'external-dns[A-Za-z0-9-]+')
[or]
kubectl -n external-dns-ns get pods
kubectl -n external-dns-ns logs -f <External-DNS-Pod-Name>


-


simplyrahul@DESKTOP-C4GRDQ2:~/gke/github/42-GKE-ExternalDNS-Install$ # List Helm
simplyrahul@DESKTOP-C4GRDQ2:~/gke/github/42-GKE-ExternalDNS-Install$ helm  list -n external-dns-ns
NAME            NAMESPACE       REVISION        UPDATED                                 STATUS          CHART                   APP VERSION
external-dns    external-dns-ns 1               2023-09-19 05:58:44.569217054 +0800 +08 deployed        external-dns-1.13.1     0.13.6
simplyrahul@DESKTOP-C4GRDQ2:~/gke/github/42-GKE-ExternalDNS-Install$
simplyrahul@DESKTOP-C4GRDQ2:~/gke/github/42-GKE-ExternalDNS-Install$ # List Kubernetes Service Account
ubectl -simplyrahul@DESKTOP-C4GRDQ2:~/gke/github/42-GKE-ExternalDNS-Install$ kubectl get sa -n ${NAMESPACE}
NAME               SECRETS   AGE
default            0         10h
external-dns-ksa   0         10h
simplyrahul@DESKTOP-C4GRDQ2:~/gke/github/42-GKE-ExternalDNS-Install$ kubectl get sa -n ${NAMESPACE} -o wide --show-labels
NAME               SECRETS   AGE   LABELS
default            0         10h   <none>
external-dns-ksa   0         10h   <none>
simplyrahul@DESKTOP-C4GRDQ2:~/gke/github/42-GKE-ExternalDNS-Install$ kubectl describe sa external-dns-ksa -n ${NAMESPACE}
Name:                external-dns-ksa
Namespace:           external-dns-ns
Labels:              <none>
Annotations:         iam.gke.io/gcp-service-account: {GSA_EMAIL}
Image pull secrets:  <none>
Mountable secrets:   <none>
Tokens:              <none>
Events:              <none>
simplyrahul@DESKTOP-C4GRDQ2:~/gke/github/42-GKE-ExternalDNS-Install$ # List All resources from default Namespace
simplyrahul@DESKTOP-C4GRDQ2:~/gke/github/42-GKE-ExternalDNS-Install$ kubectl get all -n ${NAMESPACE}
NAME                                READY   STATUS             RESTARTS      AGE
pod/external-dns-65798ffcb8-nvrm9   0/1     CrashLoopBackOff   5 (70s ago)   4m22s

NAME                   TYPE        CLUSTER-IP    EXTERNAL-IP   PORT(S)    AGE
service/external-dns   ClusterIP   10.80.1.140   <none>        7979/TCP   4m24s

NAME                           READY   UP-TO-DATE   AVAILABLE   AGE
deployment.apps/external-dns   0/1     1            0           4m23s

NAME                                      DESIRED   CURRENT   READY   AGE
replicaset.apps/external-dns-65798ffcb8   1         1         0       4m23s
simplyrahul@DESKTOP-C4GRDQ2:~/gke/github/42-GKE-ExternalDNS-Install$
simplyrahul@DESKTOP-C4GRDQ2:~/gke/github/42-GKE-ExternalDNS-Install$ kubectl get deploy -n ${NAMESPACE}
NAME           READY   UP-TO-DATE   AVAILABLE   AGE
external-dns   0/1     1            0           5m13s
simplyrahul@DESKTOP-C4GRDQ2:~/gke/github/42-GKE-ExternalDNS-Install$
simplyrahul@DESKTOP-C4GRDQ2:~/gke/github/42-GKE-ExternalDNS-Install$ kubectl get pods -n ${NAMESPACE}
NAME                            READY   STATUS             RESTARTS        AGE
external-dns-65798ffcb8-nvrm9   0/1     CrashLoopBackOff   5 (2m32s ago)   5m44s
simplyrahul@DESKTOP-C4GRDQ2:~/gke/github/42-GKE-ExternalDNS-Install$
simplyrahul@DESKTOP-C4GRDQ2:~/gke/github/42-GKE-ExternalDNS-Install$ kubectl describe pods external-dns-65798ffcb8-nvrm9
Error from server (NotFound): pods "external-dns-65798ffcb8-nvrm9" not found
simplyrahul@DESKTOP-C4GRDQ2:~/gke/github/42-GKE-ExternalDNS-Install$
simplyrahul@DESKTOP-C4GRDQ2:~/gke/github/42-GKE-ExternalDNS-Install$ kubectl describe pods external-dns-65798ffcb8-nvrm9 -n ${NAMESPACE}
Name:             external-dns-65798ffcb8-nvrm9
Namespace:        external-dns-ns
Priority:         0
Service Account:  external-dns-ksa
Node:             gke-private-standard-22a-default-pool-f62b7b3f-4qbg/10.128.0.50
Start Time:       Tue, 19 Sep 2023 05:58:47 +0800
Labels:           app.kubernetes.io/instance=external-dns
                  app.kubernetes.io/name=external-dns
                  pod-template-hash=65798ffcb8
Annotations:      <none>
Status:           Running
SeccompProfile:   RuntimeDefault
IP:               10.76.1.151
IPs:
  IP:           10.76.1.151
Controlled By:  ReplicaSet/external-dns-65798ffcb8
Containers:
  external-dns:
    Container ID:  containerd://b9390eeb11f4f11c4d5301375007efd73fc41c5696b2ae6b32665face5e6cfe4
    Image:         registry.k8s.io/external-dns/external-dns:v0.13.6
    Image ID:      registry.k8s.io/external-dns/external-dns@sha256:404fafa9f814832bb0a46c562ce03b84dc6fb4326643e2315c17a15ffd0783e4
    Port:          7979/TCP
    Host Port:     0/TCP
    Args:
      --log-level=info
      --log-format=text
      --interval=1m
      --source=service
      --source=ingress
      --policy=sync
      --registry=txt
      --provider=google
    State:          Waiting
      Reason:       CrashLoopBackOff
    Last State:     Terminated
      Reason:       Error
      Exit Code:    1
      Started:      Tue, 19 Sep 2023 06:04:42 +0800
      Finished:     Tue, 19 Sep 2023 06:04:43 +0800
    Ready:          False
    Restart Count:  6
    Liveness:       http-get http://:http/healthz delay=10s timeout=5s period=10s #success=1 #failure=2
    Readiness:      http-get http://:http/healthz delay=5s timeout=5s period=10s #success=1 #failure=6
    Environment:    <none>
    Mounts:
      /var/run/secrets/kubernetes.io/serviceaccount from kube-api-access-s22t7 (ro)
Conditions:
  Type              Status
  Initialized       True
  Ready             False
  ContainersReady   False
  PodScheduled      True
Volumes:
  kube-api-access-s22t7:
    Type:                    Projected (a volume that contains injected data from multiple sources)
    TokenExpirationSeconds:  3607
    ConfigMapName:           kube-root-ca.crt
    ConfigMapOptional:       <nil>
    DownwardAPI:             true
QoS Class:                   BestEffort
Node-Selectors:              <none>
Tolerations:                 node.kubernetes.io/not-ready:NoExecute op=Exists for 300s
                             node.kubernetes.io/unreachable:NoExecute op=Exists for 300s
Events:
  Type     Reason     Age                    From               Message
  ----     ------     ----                   ----               -------
  Normal   Scheduled  6m38s                  default-scheduler  Successfully assigned external-dns-ns/external-dns-65798ffcb8-nvrm9 to gke-private-standard-22a-default-pool-f62b7b3f-4qbg
  Normal   Pulling    6m35s                  kubelet            Pulling image "registry.k8s.io/external-dns/external-dns:v0.13.6"
  Normal   Pulled     6m32s                  kubelet            Successfully pulled image "registry.k8s.io/external-dns/external-dns:v0.13.6" in 2.937939079s (2.938077464s including waiting)
  Normal   Created    5m52s (x4 over 6m32s)  kubelet            Created container external-dns
  Normal   Started    5m52s (x4 over 6m32s)  kubelet            Started container external-dns
  Normal   Pulled     4m59s (x4 over 6m30s)  kubelet            Container image "registry.k8s.io/external-dns/external-dns:v0.13.6" already present on machine
  Warning  BackOff    83s (x31 over 6m29s)   kubelet            Back-off restarting failed container external-dns in pod external-dns-65798ffcb8-nvrm9_external-dns-ns(f9dc585f-4115-4e91-9805-a339afe34b85)
simplyrahul@DESKTOP-C4GRDQ2:~/gke/github/42-GKE-ExternalDNS-Install$
simplyrahul@DESKTOP-C4GRDQ2:~/gke/github/42-GKE-ExternalDNS-Install$
simplyrahul@DESKTOP-C4GRDQ2:~/gke/github/42-GKE-ExternalDNS-Install$ kubectl logs -f external-dns-65798ffcb8-nvrm9 -n ${NAMESPACE}
time="2023-09-18T22:04:42Z" level=info msg="config: {APIServerURL: KubeConfig: RequestTimeout:30s DefaultTargets:[] GlooNamespace:gloo-system SkipperRouteGroupVersion:zalando.org/v1 Sources:[service ingress] Namespace: AnnotationFilter: LabelFilter: IngressClassNames:[] FQDNTemplate: CombineFQDNAndAnnotation:false IgnoreHostnameAnnotation:false IgnoreIngressTLSSpec:false IgnoreIngressRulesSpec:false GatewayNamespace: GatewayLabelFilter: Compatibility: PublishInternal:false PublishHostIP:false AlwaysPublishNotReadyAddresses:false ConnectorSourceServer:localhost:8080 Provider:google GoogleProject: GoogleBatchChangeSize:1000 GoogleBatchChangeInterval:1s GoogleZoneVisibility: DomainFilter:[] ExcludeDomains:[] RegexDomainFilter: RegexDomainExclusion: ZoneNameFilter:[] ZoneIDFilter:[] TargetNetFilter:[] ExcludeTargetNets:[] AlibabaCloudConfigFile:/etc/kubernetes/alibaba-cloud.json AlibabaCloudZoneType: AWSZoneType: AWSZoneTagFilter:[] AWSAssumeRole: AWSAssumeRoleExternalID: AWSBatchChangeSize:1000 AWSBatchChangeInterval:1s AWSEvaluateTargetHealth:true AWSAPIRetries:3 AWSPreferCNAME:false AWSZoneCacheDuration:0s AWSSDServiceCleanup:false AWSDynamoDBRegion: AWSDynamoDBTable:external-dns AzureConfigFile:/etc/kubernetes/azure.json AzureResourceGroup: AzureSubscriptionID: AzureUserAssignedIdentityClientID: BluecatDNSConfiguration: BluecatConfigFile:/etc/kubernetes/bluecat.json BluecatDNSView: BluecatGatewayHost: BluecatRootZone: BluecatDNSServerName: BluecatDNSDeployType:no-deploy BluecatSkipTLSVerify:false CloudflareProxied:false CloudflareDNSRecordsPerPage:100 CoreDNSPrefix:/skydns/ RcodezeroTXTEncrypt:false AkamaiServiceConsumerDomain: AkamaiClientToken: AkamaiClientSecret: AkamaiAccessToken: AkamaiEdgercPath: AkamaiEdgercSection: InfobloxGridHost: InfobloxWapiPort:443 InfobloxWapiUsername:admin InfobloxWapiPassword: InfobloxWapiVersion:2.3.1 InfobloxSSLVerify:true InfobloxView: InfobloxMaxResults:0 InfobloxFQDNRegEx: InfobloxNameRegEx: InfobloxCreatePTR:false InfobloxCacheDuration:0 DynCustomerName: DynUsername: DynPassword: DynMinTTLSeconds:0 OCIConfigFile:/etc/kubernetes/oci.yaml OCICompartmentOCID: OCIAuthInstancePrincipal:false InMemoryZones:[] OVHEndpoint:ovh-eu OVHApiRateLimit:20 PDNSServer:http://localhost:8081 PDNSAPIKey: PDNSSkipTLSVerify:false TLSCA: TLSClientCert: TLSClientCertKey: Policy:sync Registry:txt TXTOwnerID:default TXTPrefix: TXTSuffix: TXTEncryptEnabled:false TXTEncryptAESKey: Interval:1m0s MinEventSyncInterval:5s Once:false DryRun:false UpdateEvents:false LogFormat:text MetricsAddress::7979 LogLevel:info TXTCacheInterval:0s TXTWildcardReplacement: ExoscaleEndpoint: ExoscaleAPIKey: ExoscaleAPISecret: ExoscaleAPIEnvironment:api ExoscaleAPIZone:ch-gva-2 CRDSourceAPIVersion:externaldns.k8s.io/v1alpha1 CRDSourceKind:DNSEndpoint ServiceTypeFilter:[] CFAPIEndpoint: CFUsername: CFPassword: ResolveServiceLoadBalancerHostname:false RFC2136Host: RFC2136Port:0 RFC2136Zone: RFC2136Insecure:false RFC2136GSSTSIG:false RFC2136KerberosRealm: RFC2136KerberosUsername: RFC2136KerberosPassword: RFC2136TSIGKeyName: RFC2136TSIGSecret: RFC2136TSIGSecretAlg: RFC2136TAXFR:false RFC2136MinTTL:0s RFC2136BatchChangeSize:50 NS1Endpoint: NS1IgnoreSSL:false NS1MinTTLSeconds:0 TransIPAccountName: TransIPPrivateKeyFile: DigitalOceanAPIPageSize:50 ManagedDNSRecordTypes:[A AAAA CNAME] GoDaddyAPIKey: GoDaddySecretKey: GoDaddyTTL:0 GoDaddyOTE:false OCPRouterName: IBMCloudProxied:false IBMCloudConfigFile:/etc/kubernetes/ibmcloud.json TencentCloudConfigFile:/etc/kubernetes/tencent-cloud.json TencentCloudZoneType: PiholeServer: PiholePassword: PiholeTLSInsecureSkipVerify:false PluralCluster: PluralProvider:}"
time="2023-09-18T22:04:42Z" level=info msg="Instantiating new Kubernetes client"
time="2023-09-18T22:04:42Z" level=info msg="Using inCluster-config based on serviceaccount-token"
time="2023-09-18T22:04:42Z" level=info msg="Created Kubernetes client https://10.80.0.1:443"
time="2023-09-18T22:04:43Z" level=info msg="Google project auto-detected: expanded-origin-395402"
time="2023-09-18T22:04:43Z" level=fatal msg="Get \"https://dns.googleapis.com/dns/v1/projects/expanded-origin-395402/managedZones?alt=json&prettyPrint=false\": compute: Received 400 `Annotated service account must be in format of '[SA-NAME]@[PROJECT-ID].iam.gserviceaccount.com', '[SA_NAME]@appspot.gserviceaccount.com', '[SA_NAME]@developer.gserviceaccount.com' or '[SA_NAME]@cloudbuild.gserviceaccount.com'\n`"
simplyrahul@DESKTOP-C4GRDQ2:~/gke/github/42-GKE-ExternalDNS-Install$ kubectl logs external-dns-65798ffcb8-nvrm9 -n ${NAMESPACE}
time="2023-09-18T22:14:53Z" level=info msg="config: {APIServerURL: KubeConfig: RequestTimeout:30s DefaultTargets:[] GlooNamespace:gloo-system SkipperRouteGroupVersion:zalando.org/v1 Sources:[service ingress] Namespace: AnnotationFilter: LabelFilter: IngressClassNames:[] FQDNTemplate: CombineFQDNAndAnnotation:false IgnoreHostnameAnnotation:false IgnoreIngressTLSSpec:false IgnoreIngressRulesSpec:false GatewayNamespace: GatewayLabelFilter: Compatibility: PublishInternal:false PublishHostIP:false AlwaysPublishNotReadyAddresses:false ConnectorSourceServer:localhost:8080 Provider:google GoogleProject: GoogleBatchChangeSize:1000 GoogleBatchChangeInterval:1s GoogleZoneVisibility: DomainFilter:[] ExcludeDomains:[] RegexDomainFilter: RegexDomainExclusion: ZoneNameFilter:[] ZoneIDFilter:[] TargetNetFilter:[] ExcludeTargetNets:[] AlibabaCloudConfigFile:/etc/kubernetes/alibaba-cloud.json AlibabaCloudZoneType: AWSZoneType: AWSZoneTagFilter:[] AWSAssumeRole: AWSAssumeRoleExternalID: AWSBatchChangeSize:1000 AWSBatchChangeInterval:1s AWSEvaluateTargetHealth:true AWSAPIRetries:3 AWSPreferCNAME:false AWSZoneCacheDuration:0s AWSSDServiceCleanup:false AWSDynamoDBRegion: AWSDynamoDBTable:external-dns AzureConfigFile:/etc/kubernetes/azure.json AzureResourceGroup: AzureSubscriptionID: AzureUserAssignedIdentityClientID: BluecatDNSConfiguration: BluecatConfigFile:/etc/kubernetes/bluecat.json BluecatDNSView: BluecatGatewayHost: BluecatRootZone: BluecatDNSServerName: BluecatDNSDeployType:no-deploy BluecatSkipTLSVerify:false CloudflareProxied:false CloudflareDNSRecordsPerPage:100 CoreDNSPrefix:/skydns/ RcodezeroTXTEncrypt:false AkamaiServiceConsumerDomain: AkamaiClientToken: AkamaiClientSecret: AkamaiAccessToken: AkamaiEdgercPath: AkamaiEdgercSection: InfobloxGridHost: InfobloxWapiPort:443 InfobloxWapiUsername:admin InfobloxWapiPassword: InfobloxWapiVersion:2.3.1 InfobloxSSLVerify:true InfobloxView: InfobloxMaxResults:0 InfobloxFQDNRegEx: InfobloxNameRegEx: InfobloxCreatePTR:false InfobloxCacheDuration:0 DynCustomerName: DynUsername: DynPassword: DynMinTTLSeconds:0 OCIConfigFile:/etc/kubernetes/oci.yaml OCICompartmentOCID: OCIAuthInstancePrincipal:false InMemoryZones:[] OVHEndpoint:ovh-eu OVHApiRateLimit:20 PDNSServer:http://localhost:8081 PDNSAPIKey: PDNSSkipTLSVerify:false TLSCA: TLSClientCert: TLSClientCertKey: Policy:sync Registry:txt TXTOwnerID:default TXTPrefix: TXTSuffix: TXTEncryptEnabled:false TXTEncryptAESKey: Interval:1m0s MinEventSyncInterval:5s Once:false DryRun:false UpdateEvents:false LogFormat:text MetricsAddress::7979 LogLevel:info TXTCacheInterval:0s TXTWildcardReplacement: ExoscaleEndpoint: ExoscaleAPIKey: ExoscaleAPISecret: ExoscaleAPIEnvironment:api ExoscaleAPIZone:ch-gva-2 CRDSourceAPIVersion:externaldns.k8s.io/v1alpha1 CRDSourceKind:DNSEndpoint ServiceTypeFilter:[] CFAPIEndpoint: CFUsername: CFPassword: ResolveServiceLoadBalancerHostname:false RFC2136Host: RFC2136Port:0 RFC2136Zone: RFC2136Insecure:false RFC2136GSSTSIG:false RFC2136KerberosRealm: RFC2136KerberosUsername: RFC2136KerberosPassword: RFC2136TSIGKeyName: RFC2136TSIGSecret: RFC2136TSIGSecretAlg: RFC2136TAXFR:false RFC2136MinTTL:0s RFC2136BatchChangeSize:50 NS1Endpoint: NS1IgnoreSSL:false NS1MinTTLSeconds:0 TransIPAccountName: TransIPPrivateKeyFile: DigitalOceanAPIPageSize:50 ManagedDNSRecordTypes:[A AAAA CNAME] GoDaddyAPIKey: GoDaddySecretKey: GoDaddyTTL:0 GoDaddyOTE:false OCPRouterName: IBMCloudProxied:false IBMCloudConfigFile:/etc/kubernetes/ibmcloud.json TencentCloudConfigFile:/etc/kubernetes/tencent-cloud.json TencentCloudZoneType: PiholeServer: PiholePassword: PiholeTLSInsecureSkipVerify:false PluralCluster: PluralProvider:}"
time="2023-09-18T22:14:53Z" level=info msg="Instantiating new Kubernetes client"
time="2023-09-18T22:14:53Z" level=info msg="Using inCluster-config based on serviceaccount-token"
time="2023-09-18T22:14:53Z" level=info msg="Created Kubernetes client https://10.80.0.1:443"
time="2023-09-18T22:14:54Z" level=info msg="Google project auto-detected: expanded-origin-395402"
time="2023-09-18T22:14:54Z" level=fatal msg="Get \"https://dns.googleapis.com/dns/v1/projects/expanded-origin-395402/managedZones?alt=json&prettyPrint=false\": compute: Received 400 `Annotated service account must be in format of '[SA-NAME]@[PROJECT-ID].iam.gserviceaccount.com', '[SA_NAME]@appspot.gserviceaccount.com', '[SA_NAME]@developer.gserviceaccount.com' or '[SA_NAME]@cloudbuild.gserviceaccount.com'\n`"
simplyrahul@DESKTOP-C4GRDQ2:~/gke/github/42-GKE-ExternalDNS-Install$


--

### Delete KSA as annotation was created with some errors


simplyrahul@DESKTOP-C4GRDQ2:~/gke/github/42-GKE-ExternalDNS-Install$ helm  list -n external-dns-ns
NAME            NAMESPACE       REVISION        UPDATED                                 STATUS          CHART                   APP VERSION
external-dns    external-dns-ns 2               2023-09-19 06:24:17.85598485 +0800 +08  deployed        external-dns-1.13.1     0.13.6

simplyrahul@DESKTOP-C4GRDQ2:~/gke/github/42-GKE-ExternalDNS-Install$ kubectl -n external-dns-ns get sa
NAME               SECRETS   AGE
default            0         10h
external-dns-ksa   0         10h

simplyrahul@DESKTOP-C4GRDQ2:~/gke/github/42-GKE-ExternalDNS-Install$ kubectl -n external-dns-ns describe sa external-dns-ksa
Name:                external-dns-ksa
Namespace:           external-dns-ns
Labels:              <none>
Annotations:         iam.gke.io/gcp-service-account: {GSA_EMAIL}
Image pull secrets:  <none>
Mountable secrets:   <none>
Tokens:              <none>
Events:              <none>

simplyrahul@DESKTOP-C4GRDQ2:~/gke/github/42-GKE-ExternalDNS-Install$ kubectl delete sa ${KSA_NAME} -n ${NAMESPACE}
serviceaccount "external-dns-ksa" deleted


simplyrahul@DESKTOP-C4GRDQ2:~/gke/github/42-GKE-ExternalDNS-Install$ kubectl get sa -n ${NAMESPACE}
NAME      SECRETS   AGE
default   0         10h


### Create KSA again

simplyrahul@DESKTOP-C4GRDQ2:~/gke/github/42-GKE-ExternalDNS-Install$ kubectl create serviceaccount external-dns-ksa  --namespace external-dns-ns
serviceaccount/external-dns-ksa created

simplyrahul@DESKTOP-C4GRDQ2:~/gke/github/42-GKE-ExternalDNS-Install$ kubectl -n external-dns-ns get sa
NAME               SECRETS   AGE
default            0         10h
external-dns-ksa   0         7s

### Annonate KSA with GSA_EMAIL

simplyrahul@DESKTOP-C4GRDQ2:~/gke/github/42-GKE-ExternalDNS-Install$ kubectl annotate serviceaccount ${KSA_NAME}    --namespace ${NAMESPACE}    iam.gke.io/gcp-service-account=${GSA_EMAIL}
serviceaccount/external-dns-ksa annotate

simplyrahul@DESKTOP-C4GRDQ2:~/gke/github/42-GKE-ExternalDNS-Install$ kubectl describe sa ${KSA_NAME} -n ${NAMESPACE}
Name:                external-dns-ksa
Namespace:           external-dns-ns
Labels:              <none>
Annotations:         iam.gke.io/gcp-service-account: external-dns-gsa@expanded-origin-395402.iam.gserviceaccount.com
Image pull secrets:  <none>
Mountable secrets:   <none>
Tokens:              <none>
Events:              <none>


### Uninstall helm chart 

simplyrahul@DESKTOP-C4GRDQ2:~/gke/github/42-GKE-ExternalDNS-Install$ helm  list -n external-dns-ns
NAME            NAMESPACE       REVISION        UPDATED                                 STATUS          CHART                   APP VERSION
external-dns    external-dns-ns 3               2023-09-19 06:35:08.799970457 +0800 +08 deployed        external-dns-1.13.1     0.13.6

simplyrahul@DESKTOP-C4GRDQ2:~/gke/github/42-GKE-ExternalDNS-Install$ helm uninstall external-dns -n ${NAMESPACE}
release "external-dns" uninstalled

simplyrahul@DESKTOP-C4GRDQ2:~/gke/github/42-GKE-ExternalDNS-Install$ helm  list -n external-dns-ns
NAME    NAMESPACE       REVISION        UPDATED STATUS  CHART   APP VERSION


### Install helm chart again

simplyrahul@DESKTOP-C4GRDQ2:~/gke/github/42-GKE-ExternalDNS-Install$ helm upgrade --install external-dns external-dns/external-dns    --set provider=google    --set policy=sync    --set google-zone-visibility=public    --set txt-owner-id=k8s    --set serviceAccount.create=false    --set serviceAccount.name=external-dns-ksa    --set domain-filter=rahulsinha.info    -n external-dns-ns
Release "external-dns" does not exist. Installing it now.
NAME: external-dns
LAST DEPLOYED: Tue Sep 19 06:40:08 2023
NAMESPACE: external-dns-ns
STATUS: deployed
REVISION: 1
TEST SUITE: None
NOTES:
***********************************************************************
* External DNS                                                        *
***********************************************************************
  Chart version: 1.13.1
  App version:   0.13.6
  Image tag:     registry.k8s.io/external-dns/external-dns:v0.13.6
***********************************************************************


simplyrahul@DESKTOP-C4GRDQ2:~/gke/github/42-GKE-ExternalDNS-Install$ helm  list -n external-dns-ns
NAME            NAMESPACE       REVISION        UPDATED                                 STATUS          CHART                   APP VERSION
external-dns    external-dns-ns 1               2023-09-19 06:40:08.544259529 +0800 +08 deployed        external-dns-1.13.1     0.13.6


simplyrahul@DESKTOP-C4GRDQ2:~/gke/github/42-GKE-ExternalDNS-Install$ helm  list -n external-dns-ns
NAME            NAMESPACE       REVISION        UPDATED                                 STATUS          CHART                   APP VERSION
external-dns    external-dns-ns 1               2023-09-19 06:40:08.544259529 +0800 +08 deployed        external-dns-1.13.1     0.13.6


### Get all resources created

simplyrahul@DESKTOP-C4GRDQ2:~/gke/github/42-GKE-ExternalDNS-Install$ kubectl get all -n ${NAMESPACE}
NAME                                READY   STATUS    RESTARTS   AGE
pod/external-dns-65798ffcb8-4dqs2   1/1     Running   0          9m6s

NAME                   TYPE        CLUSTER-IP     EXTERNAL-IP   PORT(S)    AGE
service/external-dns   ClusterIP   10.80.13.212   <none>        7979/TCP   9m6s

NAME                           READY   UP-TO-DATE   AVAILABLE   AGE
deployment.apps/external-dns   1/1     1            1           9m7s

NAME                                      DESIRED   CURRENT   READY   AGE
replicaset.apps/external-dns-65798ffcb8   1         1         1       9m7s
simplyrahul@DESKTOP-C4GRDQ2:~/gke/github/42-GKE-ExternalDNS-Install$


### Get deploy

simplyrahul@DESKTOP-C4GRDQ2:~/gke/github/42-GKE-ExternalDNS-Install$ kubectl -n external-dns-ns get deploy
NAME           READY   UP-TO-DATE   AVAILABLE   AGE
external-dns   1/1     1            1           58s

### Get Pods

simplyrahul@DESKTOP-C4GRDQ2:~/gke/github/42-GKE-ExternalDNS-Install$ kubectl -n external-dns-ns get pods
NAME                            READY   STATUS    RESTARTS   AGE
external-dns-65798ffcb8-4dqs2   1/1     Running   0          66s


### Describe the pods 

simplyrahul@DESKTOP-C4GRDQ2:~/gke/github/42-GKE-ExternalDNS-Install$ kubectl describe pods external-dns-65798ffcb8-4dqs2 -n external-dns-ns
Name:             external-dns-65798ffcb8-4dqs2
Namespace:        external-dns-ns
Priority:         0
Service Account:  external-dns-ksa
Node:             gke-private-standard-22a-default-pool-f62b7b3f-4qbg/10.128.0.50
Start Time:       Tue, 19 Sep 2023 06:40:10 +0800
Labels:           app.kubernetes.io/instance=external-dns
                  app.kubernetes.io/name=external-dns
                  pod-template-hash=65798ffcb8
Annotations:      <none>
Status:           Running
SeccompProfile:   RuntimeDefault
IP:               10.76.1.152
IPs:
  IP:           10.76.1.152
Controlled By:  ReplicaSet/external-dns-65798ffcb8
Containers:
  external-dns:
    Container ID:  containerd://262e993ea8124eed918f24035285f54743eb957180c3159c062791c1ed6ccc1d
    Image:         registry.k8s.io/external-dns/external-dns:v0.13.6
    Image ID:      registry.k8s.io/external-dns/external-dns@sha256:404fafa9f814832bb0a46c562ce03b84dc6fb4326643e2315c17a15ffd0783e4
    Port:          7979/TCP
    Host Port:     0/TCP
    Args:
      --log-level=info
      --log-format=text
      --interval=1m
      --source=service
      --source=ingress
      --policy=sync
      --registry=txt
      --provider=google
    State:          Running
      Started:      Tue, 19 Sep 2023 06:40:11 +0800
    Ready:          True
    Restart Count:  0
    Liveness:       http-get http://:http/healthz delay=10s timeout=5s period=10s #success=1 #failure=2
    Readiness:      http-get http://:http/healthz delay=5s timeout=5s period=10s #success=1 #failure=6
    Environment:    <none>
    Mounts:
      /var/run/secrets/kubernetes.io/serviceaccount from kube-api-access-svmdx (ro)
Conditions:
  Type              Status
  Initialized       True
  Ready             True
  ContainersReady   True
  PodScheduled      True
Volumes:
  kube-api-access-svmdx:
    Type:                    Projected (a volume that contains injected data from multiple sources)
    TokenExpirationSeconds:  3607
    ConfigMapName:           kube-root-ca.crt
    ConfigMapOptional:       <nil>
    DownwardAPI:             true
QoS Class:                   BestEffort
Node-Selectors:              <none>
Tolerations:                 node.kubernetes.io/not-ready:NoExecute op=Exists for 300s
                             node.kubernetes.io/unreachable:NoExecute op=Exists for 300s
Events:
  Type    Reason     Age   From               Message
  ----    ------     ----  ----               -------
  Normal  Scheduled  100s  default-scheduler  Successfully assigned external-dns-ns/external-dns-65798ffcb8-4dqs2 to gke-private-standard-22a-default-pool-f62b7b3f-4qbg
  Normal  Pulled     99s   kubelet            Container image "registry.k8s.io/external-dns/external-dns:v0.13.6" already present on machine
  Normal  Created    99s   kubelet            Created container external-dns
  Normal  Started    99s   kubelet            Started container external-dns


### See logs for the pod

simplyrahul@DESKTOP-C4GRDQ2:~/gke/github/42-GKE-ExternalDNS-Install$ kubectl logs -f external-dns-65798ffcb8-4dqs2 -n ${NAMESPACE}
time="2023-09-18T22:40:11Z" level=info msg="config: {APIServerURL: KubeConfig: RequestTimeout:30s DefaultTargets:[] GlooNamespace:gloo-system SkipperRouteGroupVersion:zalando.org/v1 Sources:[service ingress] Namespace: AnnotationFilter: LabelFilter: IngressClassNames:[] FQDNTemplate: CombineFQDNAndAnnotation:false IgnoreHostnameAnnotation:false IgnoreIngressTLSSpec:false IgnoreIngressRulesSpec:false GatewayNamespace: GatewayLabelFilter: Compatibility: PublishInternal:false PublishHostIP:false AlwaysPublishNotReadyAddresses:false ConnectorSourceServer:localhost:8080 Provider:google GoogleProject: GoogleBatchChangeSize:1000 GoogleBatchChangeInterval:1s GoogleZoneVisibility: DomainFilter:[] ExcludeDomains:[] RegexDomainFilter: RegexDomainExclusion: ZoneNameFilter:[] ZoneIDFilter:[] TargetNetFilter:[] ExcludeTargetNets:[] AlibabaCloudConfigFile:/etc/kubernetes/alibaba-cloud.json AlibabaCloudZoneType: AWSZoneType: AWSZoneTagFilter:[] AWSAssumeRole: AWSAssumeRoleExternalID: AWSBatchChangeSize:1000 AWSBatchChangeInterval:1s AWSEvaluateTargetHealth:true AWSAPIRetries:3 AWSPreferCNAME:false AWSZoneCacheDuration:0s AWSSDServiceCleanup:false AWSDynamoDBRegion: AWSDynamoDBTable:external-dns AzureConfigFile:/etc/kubernetes/azure.json AzureResourceGroup: AzureSubscriptionID: AzureUserAssignedIdentityClientID: BluecatDNSConfiguration: BluecatConfigFile:/etc/kubernetes/bluecat.json BluecatDNSView: BluecatGatewayHost: BluecatRootZone: BluecatDNSServerName: BluecatDNSDeployType:no-deploy BluecatSkipTLSVerify:false CloudflareProxied:false CloudflareDNSRecordsPerPage:100 CoreDNSPrefix:/skydns/ RcodezeroTXTEncrypt:false AkamaiServiceConsumerDomain: AkamaiClientToken: AkamaiClientSecret: AkamaiAccessToken: AkamaiEdgercPath: AkamaiEdgercSection: InfobloxGridHost: InfobloxWapiPort:443 InfobloxWapiUsername:admin InfobloxWapiPassword: InfobloxWapiVersion:2.3.1 InfobloxSSLVerify:true InfobloxView: InfobloxMaxResults:0 InfobloxFQDNRegEx: InfobloxNameRegEx: InfobloxCreatePTR:false InfobloxCacheDuration:0 DynCustomerName: DynUsername: DynPassword: DynMinTTLSeconds:0 OCIConfigFile:/etc/kubernetes/oci.yaml OCICompartmentOCID: OCIAuthInstancePrincipal:false InMemoryZones:[] OVHEndpoint:ovh-eu OVHApiRateLimit:20 PDNSServer:http://localhost:8081 PDNSAPIKey: PDNSSkipTLSVerify:false TLSCA: TLSClientCert: TLSClientCertKey: Policy:sync Registry:txt TXTOwnerID:default TXTPrefix: TXTSuffix: TXTEncryptEnabled:false TXTEncryptAESKey: Interval:1m0s MinEventSyncInterval:5s Once:false DryRun:false UpdateEvents:false LogFormat:text MetricsAddress::7979 LogLevel:info TXTCacheInterval:0s TXTWildcardReplacement: ExoscaleEndpoint: ExoscaleAPIKey: ExoscaleAPISecret: ExoscaleAPIEnvironment:api ExoscaleAPIZone:ch-gva-2 CRDSourceAPIVersion:externaldns.k8s.io/v1alpha1 CRDSourceKind:DNSEndpoint ServiceTypeFilter:[] CFAPIEndpoint: CFUsername: CFPassword: ResolveServiceLoadBalancerHostname:false RFC2136Host: RFC2136Port:0 RFC2136Zone: RFC2136Insecure:false RFC2136GSSTSIG:false RFC2136KerberosRealm: RFC2136KerberosUsername: RFC2136KerberosPassword: RFC2136TSIGKeyName: RFC2136TSIGSecret: RFC2136TSIGSecretAlg: RFC2136TAXFR:false RFC2136MinTTL:0s RFC2136BatchChangeSize:50 NS1Endpoint: NS1IgnoreSSL:false NS1MinTTLSeconds:0 TransIPAccountName: TransIPPrivateKeyFile: DigitalOceanAPIPageSize:50 ManagedDNSRecordTypes:[A AAAA CNAME] GoDaddyAPIKey: GoDaddySecretKey: GoDaddyTTL:0 GoDaddyOTE:false OCPRouterName: IBMCloudProxied:false IBMCloudConfigFile:/etc/kubernetes/ibmcloud.json TencentCloudConfigFile:/etc/kubernetes/tencent-cloud.json TencentCloudZoneType: PiholeServer: PiholePassword: PiholeTLSInsecureSkipVerify:false PluralCluster: PluralProvider:}"
time="2023-09-18T22:40:11Z" level=info msg="Instantiating new Kubernetes client"
time="2023-09-18T22:40:11Z" level=info msg="Using inCluster-config based on serviceaccount-token"
time="2023-09-18T22:40:11Z" level=info msg="Created Kubernetes client https://10.80.0.1:443"
time="2023-09-18T22:40:12Z" level=info msg="Google project auto-detected: expanded-origin-395402"
time="2023-09-18T22:40:12Z" level=info msg="All records are already up to date"
time="2023-09-18T22:41:12Z" level=info msg="All records are already up to date"
time="2023-09-18T22:42:12Z" level=info msg="All records are already up to date"
^C
simplyrahul@DESKTOP-C4GRDQ2:~/gke/github/42-GKE-ExternalDNS-Install$
