simplyrahul@DESKTOP-C4GRDQ2:~/gke/github$ cd 24-GKE-PD-preexisting-PD/
simplyrahul@DESKTOP-C4GRDQ2:~/gke/github/24-GKE-PD-preexisting-PD$ cd kube-manifests/
simplyrahul@DESKTOP-C4GRDQ2:~/gke/github/24-GKE-PD-preexisting-PD/kube-manifests$ ls -ltr
total 28
-rw-r--r-- 1 simplyrahul simplyrahul  255 Aug 26 14:03 06-UserMgmtWebApp-LoadBalancer-Service.yaml
-rw-r--r-- 1 simplyrahul simplyrahul 1142 Aug 26 14:03 05-UserMgmtWebApp-Deployment.yaml
-rw-r--r-- 1 simplyrahul simplyrahul  178 Aug 26 14:03 04-mysql-clusterip-service.yaml
-rw-r--r-- 1 simplyrahul simplyrahul 1051 Aug 26 14:03 03-mysql-deployment.yaml
-rw-r--r-- 1 simplyrahul simplyrahul  494 Aug 26 14:03 02-UserManagement-ConfigMap.yaml
-rw-r--r-- 1 simplyrahul simplyrahul  839 Aug 26 14:03 01-persistent-volume-claim.yaml
-rw-r--r-- 1 simplyrahul simplyrahul  298 Aug 26 14:03 00-persistent-volume.yaml

simplyrahul@DESKTOP-C4GRDQ2:~/gke/github/24-GKE-PD-preexisting-PD/kube-manifests$ cat 00-persistent-volume.yaml
apiVersion: v1
kind: PersistentVolume
metadata:
  name: preexisting-pd
spec:
  storageClassName: standard-rwo
  capacity:
    storage: 8Gi
  accessModes:
    - ReadWriteOnce
  claimRef:
    namespace: default
    name: mysql-pv-claim
  gcePersistentDisk:
    pdName: preexisting-pd
    fsType: ext4simplyrahul@DESKTOP-C4GRDQ2:~/gke/github/24-GKE-PD-preexisting-PD/kube-manifests$ cd ..

simplyrahul@DESKTOP-C4GRDQ2:~/gke/github/24-GKE-PD-preexisting-PD$ kubectl apply -f kube-manifests/
persistentvolume/preexisting-pd created
persistentvolumeclaim/mysql-pv-claim created
configmap/usermanagement-dbcreation-script created
deployment.apps/mysql created
service/mysql created
deployment.apps/usermgmt-webapp created
service/usermgmt-webapp-lb-service created

simplyrahul@DESKTOP-C4GRDQ2:~/gke/github/24-GKE-PD-preexisting-PD$ kubectl get sc
NAME                        PROVISIONER                    RECLAIMPOLICY   VOLUMEBINDINGMODE      ALLOWVOLUMEEXPANSION   AGE
enterprise-multishare-rwx   filestore.csi.storage.gke.io   Delete          WaitForFirstConsumer   true                   5d9h
enterprise-rwx              filestore.csi.storage.gke.io   Delete          WaitForFirstConsumer   true                   5d9h
premium-rwo                 pd.csi.storage.gke.io          Delete          WaitForFirstConsumer   true                   5d9h
premium-rwx                 filestore.csi.storage.gke.io   Delete          WaitForFirstConsumer   true                   5d9h
standard                    kubernetes.io/gce-pd           Delete          Immediate              true                   5d9h
standard-rwo (default)      pd.csi.storage.gke.io          Delete          WaitForFirstConsumer   true                   5d9h
standard-rwx                filestore.csi.storage.gke.io   Delete          WaitForFirstConsumer   true                   5d9h

simplyrahul@DESKTOP-C4GRDQ2:~/gke/github/24-GKE-PD-preexisting-PD$ kubectl get pv
NAME             CAPACITY   ACCESS MODES   RECLAIM POLICY   STATUS   CLAIM                    STORAGECLASS   REASON   AGE
preexisting-pd   8Gi        RWO            Retain           Bound    default/mysql-pv-claim   standard-rwo            50s

simplyrahul@DESKTOP-C4GRDQ2:~/gke/github/24-GKE-PD-preexisting-PD$ kubectl get pvc
NAME             STATUS   VOLUME           CAPACITY   ACCESS MODES   STORAGECLASS   AGE
mysql-pv-claim   Bound    preexisting-pd   8Gi        RWO            standard-rwo   56s

simplyrahul@DESKTOP-C4GRDQ2:~/gke/github/24-GKE-PD-preexisting-PD$ kubectl get deploy
NAME              READY   UP-TO-DATE   AVAILABLE   AGE
mysql             1/1     1            1           64s
usermgmt-webapp   1/1     1            1           63s

simplyrahul@DESKTOP-C4GRDQ2:~/gke/github/24-GKE-PD-preexisting-PD$ kubectl get pods
NAME                               READY   STATUS    RESTARTS   AGE
mysql-d95875db9-8ljcv              1/1     Running   0          71s
usermgmt-webapp-77f5f9cf7d-xltt4   1/1     Running   0          70s

simplyrahul@DESKTOP-C4GRDQ2:~/gke/github/24-GKE-PD-preexisting-PD$ kubectl get svc
NAME                         TYPE           CLUSTER-IP    EXTERNAL-IP      PORT(S)        AGE
kubernetes                   ClusterIP      10.80.0.1     <none>           443/TCP        5d9h
mysql                        ClusterIP      None          <none>           3306/TCP       78s
usermgmt-webapp-lb-service   LoadBalancer   10.80.10.77   34.132.177.218   80:32329/TCP   77s

simplyrahul@DESKTOP-C4GRDQ2:~/gke/github/24-GKE-PD-preexisting-PD$ kubectl logs -f usermgmt-webapp-77f5f9cf7d-xltt4
Defaulted container "usermgmt-webapp" out of: usermgmt-webapp, init-db (init)
27-Aug-2023 10:08:42.561 INFO [main] org.apache.catalina.startup.VersionLoggerListener.log Server version:        Apache Tomcat/8.0.51
27-Aug-2023 10:08:42.572 INFO [main] org.apache.catalina.startup.VersionLoggerListener.log Server built:          Apr 9 2018 21:20:15 UTC
27-Aug-2023 10:08:42.572 INFO [main] org.apache.catalina.startup.VersionLoggerListener.log Server number:         8.0.51.0
27-Aug-2023 10:08:42.573 INFO [main] org.apache.catalina.startup.VersionLoggerListener.log OS Name:               Linux
27-Aug-2023 10:08:42.573 INFO [main] org.apache.catalina.startup.VersionLoggerListener.log OS Version:            5.15.109+
27-Aug-2023 10:08:42.573 INFO [main] org.apache.catalina.startup.VersionLoggerListener.log Architecture:          amd64
27-Aug-2023 10:08:42.573 INFO [main] org.apache.catalina.startup.VersionLoggerListener.log Java Home:             /usr/lib/jvm/java-1.8-openjdk/jre
27-Aug-2023 10:08:42.574 INFO [main] org.apache.catalina.startup.VersionLoggerListener.log JVM Version:           1.8.0_151-b12
27-Aug-2023 10:08:42.574 INFO [main] org.apache.catalina.startup.VersionLoggerListener.log JVM Vendor:            Oracle Corporation
27-Aug-2023 10:08:42.574 INFO [main] org.apache.catalina.startup.VersionLoggerListener.log CATALINA_BASE:         /usr/local/tomcat
27-Aug-2023 10:08:42.574 INFO [main] org.apache.catalina.startup.VersionLoggerListener.log CATALINA_HOME:         /usr/local/tomcat
27-Aug-2023 10:08:42.576 INFO [main] org.apache.catalina.startup.VersionLoggerListener.log Command line argument: -Djava.util.logging.config.file=/usr/local/tomcat/conf/logging.properties
27-Aug-2023 10:08:42.576 INFO [main] org.apache.catalina.startup.VersionLoggerListener.log Command line argument: -Djava.util.logging.manager=org.apache.juli.ClassLoaderLogManager
27-Aug-2023 10:08:42.577 INFO [main] org.apache.catalina.startup.VersionLoggerListener.log Command line argument: -Djdk.tls.ephemeralDHKeySize=2048
27-Aug-2023 10:08:42.577 INFO [main] org.apache.catalina.startup.VersionLoggerListener.log Command line argument: -Djava.protocol.handler.pkgs=org.apache.catalina.webresources
27-Aug-2023 10:08:42.578 INFO [main] org.apache.catalina.startup.VersionLoggerListener.log Command line argument: -Dignore.endorsed.dirs=
27-Aug-2023 10:08:42.578 INFO [main] org.apache.catalina.startup.VersionLoggerListener.log Command line argument: -Dcatalina.base=/usr/local/tomcat
27-Aug-2023 10:08:42.578 INFO [main] org.apache.catalina.startup.VersionLoggerListener.log Command line argument: -Dcatalina.home=/usr/local/tomcat
27-Aug-2023 10:08:42.579 INFO [main] org.apache.catalina.startup.VersionLoggerListener.log Command line argument: -Djava.io.tmpdir=/usr/local/tomcat/temp
27-Aug-2023 10:08:42.579 INFO [main] org.apache.catalina.core.AprLifecycleListener.lifecycleEvent Loaded APR based Apache Tomcat Native library 1.2.16 using APR version 1.6.3.
27-Aug-2023 10:08:42.580 INFO [main] org.apache.catalina.core.AprLifecycleListener.lifecycleEvent APR capabilities: IPv6 [true], sendfile [true], accept filters [false], random [true].
27-Aug-2023 10:08:42.609 INFO [main] org.apache.catalina.core.AprLifecycleListener.initializeSSL OpenSSL successfully initialized (OpenSSL 1.0.2o  27 Mar 2018)
27-Aug-2023 10:08:42.936 INFO [main] org.apache.coyote.AbstractProtocol.init Initializing ProtocolHandler ["http-apr-8080"]
27-Aug-2023 10:08:42.964 INFO [main] org.apache.coyote.AbstractProtocol.init Initializing ProtocolHandler ["ajp-apr-8009"]
27-Aug-2023 10:08:42.969 INFO [main] org.apache.catalina.startup.Catalina.load Initialization processed in 1534 ms
27-Aug-2023 10:08:43.045 INFO [main] org.apache.catalina.core.StandardService.startInternal Starting service Catalina
27-Aug-2023 10:08:43.047 INFO [main] org.apache.catalina.core.StandardEngine.startInternal Starting Servlet Engine: Apache Tomcat/8.0.51
27-Aug-2023 10:08:43.112 INFO [localhost-startStop-1] org.apache.catalina.startup.HostConfig.deployWAR Deploying web application archive /usr/local/tomcat/webapps/ROOT.war
27-Aug-2023 10:08:49.508 INFO [localhost-startStop-1] org.apache.jasper.servlet.TldScanner.scanJars At least one JAR was scanned for TLDs yet contained no TLDs. Enable debug logging for this logger for a complete list of JARs that were scanned but no TLDs were found in them. Skipping unneeded JARs during scanning can improve startup time and JSP compilation time.

  .   ____          _            __ _ _
 /\\ / ___'_ __ _ _(_)_ __  __ _ \ \ \ \
( ( )\___ | '_ | '_| | '_ \/ _` | \ \ \ \
 \\/  ___)| |_)| | | | | || (_| |  ) ) ) )
  '  |____| .__|_| |_|_| |_\__, | / / / /
 =========|_|==============|___/=/_/_/_/
 :: Spring Boot ::        (v2.1.6.RELEASE)

2023-08-27 10:08:51.874  INFO 1 --- [ost-startStop-1] .r.SpringbootSecurityInternalApplication : Starting SpringbootSecurityInternalApplication v1.0.0-MySQLDB on usermgmt-webapp-77f5f9cf7d-xltt4 with PID 1 (/usr/local/tomcat/webapps/ROOT/WEB-INF/classes started by root in /usr/local/tomcat)
2023-08-27 10:08:51.915  INFO 1 --- [ost-startStop-1] .r.SpringbootSecurityInternalApplication : No active profile set, falling back to default profiles: default
2023-08-27 10:08:55.637  INFO 1 --- [ost-startStop-1] o.s.web.context.ContextLoader            : Root WebApplicationContext: initialization completed in 3575 ms
Loading class `com.mysql.jdbc.Driver'. This is deprecated. The new driver class is `com.mysql.cj.jdbc.Driver'. The driver is automatically registered via the SPI and manual loading of the driver class is generally unnecessary.
2023-08-27 10:08:57.829  INFO 1 --- [ost-startStop-1] o.hibernate.jpa.internal.util.LogHelper  : HHH000204: Processing PersistenceUnitInfo [
        name: default
        ...]
2023-08-27 10:08:57.982  INFO 1 --- [ost-startStop-1] org.hibernate.Version                    : HHH000412: Hibernate Core {5.3.10.Final}
2023-08-27 10:08:57.987  INFO 1 --- [ost-startStop-1] org.hibernate.cfg.Environment            : HHH000206: hibernate.properties not found
2023-08-27 10:08:58.359  INFO 1 --- [ost-startStop-1] o.hibernate.annotations.common.Version   : HCANN000001: Hibernate Commons Annotations {5.0.4.Final}
2023-08-27 10:08:58.791  INFO 1 --- [ost-startStop-1] org.hibernate.dialect.Dialect            : HHH000400: Using dialect: org.hibernate.dialect.MySQL57Dialect
2023-08-27 10:09:03.732  INFO 1 --- [ost-startStop-1] .r.SpringbootSecurityInternalApplication : Started SpringbootSecurityInternalApplication in 13.602 seconds (JVM running for 23.182)
27-Aug-2023 10:09:03.807 INFO [localhost-startStop-1] org.apache.catalina.startup.HostConfig.deployWAR Deployment of web application archive /usr/local/tomcat/webapps/ROOT.war has finished in 20,695 ms
27-Aug-2023 10:09:03.816 INFO [main] org.apache.coyote.AbstractProtocol.start Starting ProtocolHandler ["http-apr-8080"]
27-Aug-2023 10:09:03.844 INFO [main] org.apache.coyote.AbstractProtocol.start Starting ProtocolHandler ["ajp-apr-8009"]
27-Aug-2023 10:09:03.850 INFO [main] org.apache.catalina.startup.Catalina.start Server startup in 20879 ms
2023-08-27 10:10:27.764  INFO 1 --- [apr-8080-exec-1] o.s.web.servlet.DispatcherServlet        : Initializing Servlet 'dispatcherServlet'
2023-08-27 10:10:27.799  INFO 1 --- [apr-8080-exec-1] o.s.web.servlet.DispatcherServlet        : Completed initialization in 33 ms
2023-08-27 10:10:39.311  INFO 1 --- [apr-8080-exec-5] c.s.r.services.CustomUserDetailsService  : In CustomUserDetailsService class
2023-08-27 10:10:39.389  INFO 1 --- [apr-8080-exec-5] o.h.h.i.QueryTranslatorFactoryInitiator  : HHH000397: Using ASTQueryTranslatorFactory
2023-08-27 10:10:40.584  INFO 1 --- [apr-8080-exec-5] c.s.r.services.CustomUserDetails         : Retruning role details from CustomUserDetails class
2023-08-27 10:10:40.587  INFO 1 --- [apr-8080-exec-5] c.s.r.services.CustomUserDetails         : Role Details: {}[ROLE_ADMIN]

^C

simplyrahul@DESKTOP-C4GRDQ2:~/gke/github/24-GKE-PD-preexisting-PD$ kubectl delete -f kube-manifests/
persistentvolume "preexisting-pd" deleted
persistentvolumeclaim "mysql-pv-claim" deleted
configmap "usermanagement-dbcreation-script" deleted
deployment.apps "mysql" deleted
service "mysql" deleted
deployment.apps "usermgmt-webapp" deleted
service "usermgmt-webapp-lb-service" deleted

Delete the persistent Disk : preexistingdisk
