simplyrahul@DESKTOP-C4GRDQ2:~$ cd gke/github/51-GKE-Ingress-ClientIP-Affinity/
simplyrahul@DESKTOP-C4GRDQ2:~/gke/github/51-GKE-Ingress-ClientIP-Affinity$ vim 02-external-ip.txt
simplyrahul@DESKTOP-C4GRDQ2:~/gke/github/51-GKE-Ingress-ClientIP-Affinity$ cp /mnt/c/Users/Rahul/Downloads/GCP_VPC-PrivateIPs.png .
simplyrahul@DESKTOP-C4GRDQ2:~/gke/github/51-GKE-Ingress-ClientIP-Affinity$ ls -ltr
total 136
-rw-r--r-- 1 simplyrahul simplyrahul   7588 Aug 26 14:03 README.md
drwxr-xr-x 2 simplyrahul simplyrahul   4096 Aug 26 14:03 02-kube-manifests-without-clientip-affinity
drwxr-xr-x 2 simplyrahul simplyrahul   4096 Aug 26 14:03 01-kube-manifests-with-clientip-affinity
-rw-r--r-- 1 simplyrahul simplyrahul   4307 Oct  7 21:26 02-external-ip.txt
-rwxr-xr-x 1 simplyrahul simplyrahul 110857 Oct  7 21:30 GCP_VPC-PrivateIPs.png
simplyrahul@DESKTOP-C4GRDQ2:~/gke/github/51-GKE-Ingress-ClientIP-Affinity$ gcloud compute addresses list
NAME                                       ADDRESS/RANGE   TYPE      PURPOSE      NETWORK  REGION       SUBNET  STATUS
gke-ingress-extip1                         34.36.100.7     EXTERNAL                                             RESERVED
gke-ingress-extip2                         34.98.125.106   EXTERNAL                                             RESERVED
google-managed-private-service-connection  10.116.0.0/16   INTERNAL  VPC_PEERING  default                       RESERVED
nat-auto-ip-5839377-9-1693086667609885     35.208.248.222  EXTERNAL  NAT_AUTO              us-central1          IN_USE


Updates are available for some Google Cloud CLI components.  To install them,
please run:
  $ gcloud components update

simplyrahul@DESKTOP-C4GRDQ2:~/gke/github/51-GKE-Ingress-ClientIP-Affinity$ for i in gke-ingress-extip1 gke-ingress-extip2 ; do echo " " && echo "gcloud compute addresses describe ${i}" && gcloud compute addresses describe ${i} && echo " " ; done

gcloud compute addresses describe gke-ingress-extip1
For the following address:
 - [gke-ingress-extip1]
choose a region or global:
 [1] global
 [2] region: asia-east1
 [3] region: asia-east2
 [4] region: asia-northeast1
 [5] region: asia-northeast2
 [6] region: asia-northeast3
 [7] region: asia-south1
 [8] region: asia-south2
 [9] region: asia-southeast1
 [10] region: asia-southeast2
 [11] region: australia-southeast1
 [12] region: australia-southeast2
 [13] region: europe-central2
 [14] region: europe-north1
 [15] region: europe-southwest1
 [16] region: europe-west1
 [17] region: europe-west10
 [18] region: europe-west12
 [19] region: europe-west2
 [20] region: europe-west3
 [21] region: europe-west4
 [22] region: europe-west6
 [23] region: europe-west8
 [24] region: europe-west9
 [25] region: me-central1
 [26] region: me-central2
 [27] region: me-west1
 [28] region: northamerica-northeast1
 [29] region: northamerica-northeast2
 [30] region: southamerica-east1
 [31] region: southamerica-west1
 [32] region: us-central1
 [33] region: us-east1
 [34] region: us-east4
 [35] region: us-east5
 [36] region: us-south1
 [37] region: us-west1
 [38] region: us-west2
 [39] region: us-west3
 [40] region: us-west4
Please enter your numeric choice:  32

ERROR: (gcloud.compute.addresses.describe) Could not fetch resource:
 - The resource 'projects/expanded-origin-395402/regions/us-central1/addresses/gke-ingress-extip1' was not found


gcloud compute addresses describe gke-ingress-extip2
^CTraceback (most recent call last):
  File "/mnt/c/Users/Rahul/AppData/Local/Google/Cloud SDK/google-cloud-sdk/lib/gcloud.py", line 132, in <module>
    main()
  File "/mnt/c/Users/Rahul/AppData/Local/Google/Cloud SDK/google-cloud-sdk/lib/gcloud.py", line 104, in main
    gcloud_main = _import_gcloud_main()
  File "/mnt/c/Users/Rahul/AppData/Local/Google/Cloud SDK/google-cloud-sdk/lib/gcloud.py", line 83, in _import_gcloud_main
    import googlecloudsdk.gcloud_main
  File "/mnt/c/Users/Rahul/AppData/Local/Google/Cloud SDK/google-cloud-sdk/lib/googlecloudsdk/gcloud_main.py", line 34, in <module>
    from googlecloudsdk.calliope import base
  File "/mnt/c/Users/Rahul/AppData/Local/Google/Cloud SDK/google-cloud-sdk/lib/googlecloudsdk/calliope/base.py", line 31, in <module>
    from googlecloudsdk.calliope import arg_parsers
  File "/mnt/c/Users/Rahul/AppData/Local/Google/Cloud SDK/google-cloud-sdk/lib/googlecloudsdk/calliope/arg_parsers.py", line 62, in <module>
    from googlecloudsdk.calliope import parser_errors
  File "<frozen importlib._bootstrap>", line 991, in _find_and_load
  File "<frozen importlib._bootstrap>", line 975, in _find_and_load_unlocked
  File "<frozen importlib._bootstrap>", line 671, in _load_unlocked
  File "<frozen importlib._bootstrap_external>", line 844, in exec_module
  File "<frozen importlib._bootstrap_external>", line 939, in get_code
  File "<frozen importlib._bootstrap_external>", line 1037, in get_data
KeyboardInterrupt

simplyrahul@DESKTOP-C4GRDQ2:~/gke/github/51-GKE-Ingress-ClientIP-Affinity$ for i in gke-ingress-extip1 gke-ingress-extip2 ; do echo " " && echo "gcloud compute addresses describe ${i} --global" && gcloud compute addresses describe ${i} --global && echo " " ; done

gcloud compute addresses describe gke-ingress-extip1 --global
address: 34.36.100.7
addressType: EXTERNAL
creationTimestamp: '2023-09-15T20:10:42.098-07:00'
description: ''
id: '503227057634320989'
ipVersion: IPV4
kind: compute#address
labelFingerprint: 42WmSpB8rSM=
name: gke-ingress-extip1
networkTier: PREMIUM
selfLink: https://www.googleapis.com/compute/v1/projects/expanded-origin-395402/global/addresses/gke-ingress-extip1
status: RESERVED


gcloud compute addresses describe gke-ingress-extip2 --global
address: 34.98.125.106
addressType: EXTERNAL
creationTimestamp: '2023-10-07T06:25:24.386-07:00'
description: ''
id: '955043542563873451'
ipVersion: IPV4
kind: compute#address
labelFingerprint: 42WmSpB8rSM=
name: gke-ingress-extip2
networkTier: PREMIUM
selfLink: https://www.googleapis.com/compute/v1/projects/expanded-origin-395402/global/addresses/gke-ingress-extip2
status: RESERVED

simplyrahul@DESKTOP-C4GRDQ2:~/gke/github/51-GKE-Ingress-ClientIP-Affinity$
simplyrahul@DESKTOP-C4GRDQ2:~/gke/github/51-GKE-Ingress-ClientIP-Affinity$
simplyrahul@DESKTOP-C4GRDQ2:~/gke/github/51-GKE-Ingress-ClientIP-Affinity$
simplyrahul@DESKTOP-C4GRDQ2:~/gke/github/51-GKE-Ingress-ClientIP-Affinity$ ls
01-kube-manifests-with-clientip-affinity  02-external-ip.txt  02-kube-manifests-without-clientip-affinity  GCP_VPC-PrivateIPs.png  README.md
simplyrahul@DESKTOP-C4GRDQ2:~/gke/github/51-GKE-Ingress-ClientIP-Affinity$ ls 01-kube-manifests-with-clientip-affinity/
01-kubernetes-deployment.yaml  02-kubernetes-NodePort-service.yaml  03-ingress.yaml  04-backendconfig.yaml
simplyrahul@DESKTOP-C4GRDQ2:~/gke/github/51-GKE-Ingress-ClientIP-Affinity$ ls 01-kube-manifests-with-clientip-affinity/01-kubernetes-deployment.yaml
01-kube-manifests-with-clientip-affinity/01-kubernetes-deployment.yaml
simplyrahul@DESKTOP-C4GRDQ2:~/gke/github/51-GKE-Ingress-ClientIP-Affinity$ cat 01-kube-manifests-with-clientip-affinity/01-kubernetes-deployment.yaml
apiVersion: apps/v1
kind: Deployment
metadata:
  name: cdn-demo-deployment
spec:
  replicas: 4
  selector:
    matchLabels:
      app: cdn-demo
  template:
    metadata:
      labels:
        app: cdn-demo
    spec:
      containers:
        - name: cdn-demo
          image: us-docker.pkg.dev/google-samples/containers/gke/hello-app-cdn:1.0
          ports:
            - containerPort: 8080


   simplyrahul@DESKTOP-C4GRDQ2:~/gke/github/51-GKE-Ingress-ClientIP-Affinity$ cat 01-kube-manifests-with-clientip-affinity/02-kubernetes-NodePort-service.yaml
apiVersion: v1
kind: Service
metadata:
  name: cdn-demo-nodeport-service
  annotations:
    #cloud.google.com/backend-config: '{"ports": {"80":"my-backendconfig"}}'
    cloud.google.com/backend-config: '{"default": "my-backendconfig"}'
spec:
  type: NodePort
  selector:
    app: cdn-demo
  ports:
    - port: 80
      targetPort: 8080simplyrahul@DESKTOP-C4GRDQ2:~/gke/github/51-GKE-Ingre
simplyrahul@DESKTOP-C4GRDQ2:~/gke/github/51-GKE-Ingress-ClientIP-Affinity$ vim 01-kube-manifests-with-clientip-affinity/03-ingress.yaml
simplyrahul@DESKTOP-C4GRDQ2:~/gke/github/51-GKE-Ingress-ClientIP-Affinity$ vim 01-kube-manifests-with-clientip-affinity/04-backendconfig.yaml
simplyrahul@DESKTOP-C4GRDQ2:~/gke/github/51-GKE-Ingress-ClientIP-Affinity$
simplyrahul@DESKTOP-C4GRDQ2:~/gke/github/51-GKE-Ingress-ClientIP-Affinity$ kubectl apply -f 01-kube-manifests-with-clientip-affinity/
deployment.apps/cdn-demo-deployment created
service/cdn-demo-nodeport-service created
Warning: annotation "kubernetes.io/ingress.class" is deprecated, please use 'spec.ingressClassName' instead
ingress.networking.k8s.io/ingress-cdn-demo created
backendconfig.cloud.google.com/my-backendconfig created
simplyrahul@DESKTOP-C4GRDQ2:~/gke/github/51-GKE-Ingress-ClientIP-Affinity$ kubectl get deploy
NAME                  READY   UP-TO-DATE   AVAILABLE   AGE
cdn-demo-deployment   4/4     4            4           3m1s
simplyrahul@DESKTOP-C4GRDQ2:~/gke/github/51-GKE-Ingress-ClientIP-Affinity$ for i in deploy pods svc ingress backendconfig ; do echo " " && echo "kubectl get ${i} -o wide --show-labels" && kubectl get ${i} -o w
ide --show-labels && echo ""; done

kubectl get deploy -o wide --show-labels
NAME                  READY   UP-TO-DATE   AVAILABLE   AGE     CONTAINERS   IMAGES                                                              SELECTOR       LABELS
cdn-demo-deployment   4/4     4            4           5m10s   cdn-demo     us-docker.pkg.dev/google-samples/containers/gke/hello-app-cdn:1.0   app=cdn-demo   <none>


kubectl get pods -o wide --show-labels
NAME                                   READY   STATUS    RESTARTS   AGE     IP            NODE                                                  NOMINATED NODE   READINESS GATES   LABELS
cdn-demo-deployment-79d9dc75df-4hgd6   1/1     Running   0          5m13s   10.76.1.169   gke-private-standard-22a-default-pool-f62b7b3f-4qbg   <none>           <none>            app=cdn-demo,pod-template-hash=79d9dc75df
cdn-demo-deployment-79d9dc75df-57kfl   1/1     Running   0          5m13s   10.76.2.30    gke-private-standard-22a-default-pool-76d79b51-6f20   <none>           <none>            app=cdn-demo,pod-template-hash=79d9dc75df
cdn-demo-deployment-79d9dc75df-nr775   1/1     Running   0          5m13s   10.76.2.31    gke-private-standard-22a-default-pool-76d79b51-6f20   <none>           <none>            app=cdn-demo,pod-template-hash=79d9dc75df
cdn-demo-deployment-79d9dc75df-zcjqn   1/1     Running   0          5m13s   10.76.0.22    gke-private-standard-22a-default-pool-b8a9f9fd-1hff   <none>           <none>            app=cdn-demo,pod-template-hash=79d9dc75df


kubectl get svc -o wide --show-labels
NAME                        TYPE        CLUSTER-IP   EXTERNAL-IP   PORT(S)        AGE     SELECTOR       LABELS
cdn-demo-nodeport-service   NodePort    10.80.1.15   <none>        80:32037/TCP   5m17s   app=cdn-demo   <none>
kubernetes                  ClusterIP   10.80.0.1    <none>        443/TCP        46d     <none>         component=apiserver,provider=kubernetes


kubectl get ingress -o wide --show-labels
NAME               CLASS    HOSTS   ADDRESS       PORTS   AGE     LABELS
ingress-cdn-demo   <none>   *       34.36.100.7   80      5m19s   <none>


kubectl get backendconfig -o wide --show-labels
NAME               AGE     LABELS
my-backendconfig   5m22s   <none>

simplyrahul@DESKTOP-C4GRDQ2:~/gke/github/51-GKE-Ingress-ClientIP-Affinity$ kubectl describe ingress ingress-cdn-demo
Name:             ingress-cdn-demo
Labels:           <none>
Namespace:        default
Address:          34.36.100.7
Ingress Class:    <none>
Default backend:  cdn-demo-nodeport-service:80 (10.76.0.22:8080,10.76.1.169:8080,10.76.2.30:8080 + 1 more...)
Rules:
  Host        Path  Backends
  ----        ----  --------
  *           *     cdn-demo-nodeport-service:80 (10.76.0.22:8080,10.76.1.169:8080,10.76.2.30:8080 + 1 more...)
Annotations:  external-dns.alpha.kubernetes.io/hostname: sara-ingress-with-clientip-affinity.rahulsinha.info
              ingress.kubernetes.io/backends: {"k8s1-3b22a415-default-cdn-demo-nodeport-service-80-bf6f7661":"HEALTHY"}
              ingress.kubernetes.io/forwarding-rule: k8s2-fr-jdj5k2n0-default-ingress-cdn-demo-yeczyiwl
              ingress.kubernetes.io/target-proxy: k8s2-tp-jdj5k2n0-default-ingress-cdn-demo-yeczyiwl
              ingress.kubernetes.io/url-map: k8s2-um-jdj5k2n0-default-ingress-cdn-demo-yeczyiwl
              kubernetes.io/ingress.class: gce
              kubernetes.io/ingress.global-static-ip-name: gke-ingress-extip1
Events:
  Type     Reason     Age                    From                     Message
  ----     ------     ----                   ----                     -------
  Warning  Translate  5m43s (x7 over 5m43s)  loadbalancer-controller  Translation failed: invalid ingress spec: error getting BackendConfig for port "&ServiceBackendPort{Name:,Number:80,}" on service "default/cdn-demo-nodeport-service", err: no BackendConfig for service port exists.
  Normal   Sync       4m31s                  loadbalancer-controller  UrlMap "k8s2-um-jdj5k2n0-default-ingress-cdn-demo-yeczyiwl" created
  Normal   Sync       4m29s                  loadbalancer-controller  TargetProxy "k8s2-tp-jdj5k2n0-default-ingress-cdn-demo-yeczyiwl" created
  Normal   Sync       4m14s                  loadbalancer-controller  ForwardingRule "k8s2-fr-jdj5k2n0-default-ingress-cdn-demo-yeczyiwl" created
  Normal   IPChanged  4m14s                  loadbalancer-controller  IP is now 34.36.100.7
  Normal   Sync       4m13s (x5 over 5m43s)  loadbalancer-controller  Scheduled for sync
simplyrahul@DESKTOP-C4GRDQ2:~/gke/github/51-GKE-Ingress-ClientIP-Affinity$ nslookup sara-ingress-with-clientip-affinity.rahulsinha.info
Server:         172.23.192.1
Address:        172.23.192.1#53

Non-authoritative answer:
Name:   sara-ingress-with-clientip-affinity.rahulsinha.info
Address: 34.36.100.7

simplyrahul@DESKTOP-C4GRDQ2:~/gke/github/51-GKE-Ingress-ClientIP-Affinity$ kubectl get backendconfig my-backendconfig
NAME               AGE
my-backendconfig   6m22s
simplyrahul@DESKTOP-C4GRDQ2:~/gke/github/51-GKE-Ingress-ClientIP-Affinity$ kubectl describe backendconfig my-backendconfig
Name:         my-backendconfig
Namespace:    default
Labels:       <none>
Annotations:  <none>
API Version:  cloud.google.com/v1
Kind:         BackendConfig
Metadata:
  Creation Timestamp:  2023-10-07T14:34:03Z
  Generation:          1
  Resource Version:    45837106
  UID:                 ace0f32b-f5a3-484c-a84e-f331aeb7f622
Spec:
  Connection Draining:
    Draining Timeout Sec:  62
  Logging:
    Enable:       true
    Sample Rate:  1
  Session Affinity:
    Affinity Type:  CLIENT_IP
  Timeout Sec:      42
Events:             <none>
simplyrahul@DESKTOP-C4GRDQ2:~/gke/github/51-GKE-Ingress-ClientIP-Affinity$ curl http://sara-ingress-with-clientip-affinity.rahulsinha.info
Hello, world!
Version: 1.0.0
Hostname: cdn-demo-deployment-79d9dc75df-zcjqn
simplyrahul@DESKTOP-C4GRDQ2:~/gke/github/51-GKE-Ingress-ClientIP-Affinity$ curl http://sara-ingress-with-clientip-affinity.rahulsinha.info
Hello, world!
Version: 1.0.0
Hostname: cdn-demo-deployment-79d9dc75df-zcjqn
simplyrahul@DESKTOP-C4GRDQ2:~/gke/github/51-GKE-Ingress-ClientIP-Affinity$ cp /mnt/c/Users/Rahul/Downloads/ingress-session-affinity-clinetip.png .
simplyrahul@DESKTOP-C4GRDQ2:~/gke/github/51-GKE-Ingress-ClientIP-Affinity$
simplyrahul@DESKTOP-C4GRDQ2:~/gke/github/51-GKE-Ingress-ClientIP-Affinity$
simplyrahul@DESKTOP-C4GRDQ2:~/gke/github/51-GKE-Ingress-ClientIP-Affinity$ cat 02-kube-manifests-without-clientip-affinity/01-kubernetes-deployment.yaml
apiVersion: apps/v1
kind: Deployment
metadata:
  name: cdn-demo-deployment2
spec:
  replicas: 4
  selector:
    matchLabels:
      app: cdn-demo2
  template:
    metadata:
      labels:
        app: cdn-demo2
    spec:
      containers:
        - name: cdn-demo2
          image: us-docker.pkg.dev/google-samples/containers/gke/hello-app-cdn:1.0
          ports:
            - containerPort: 8080


   simplyrahul@DESKTOP-C4GRDQ2:~/gke/github/51-GKE-Ingress-ClientIP-Affinity$ cat 02-kube-manifests-without-clientip-affinity/02-kubernetes-NodePort-service.yaml
apiVersion: v1
kind: Service
metadata:
  name: cdn-demo-nodeport-service2
  annotations:
    #cloud.google.com/backend-config: '{"ports": {"80":"my-backendconfig2"}}'
    cloud.google.com/backend-config: '{"default": "my-backendconfig2"}'
spec:
  type: NodePort
  selector:
    app: cdn-demo2
  ports:
    - port: 80
      targetPort: 8080simplyrahul@DESKTOP-C4GRDQ2:~/gke/github/51-GKE-Ingress-ClientIP-Affinity$
simplyrahul@DESKTOP-C4GRDQ2:~/gke/github/51-GKE-Ingress-ClientIP-Affinity$ vim 02-kube-manifests-without-clientip-affinity/03-ingress.yaml
simplyrahul@DESKTOP-C4GRDQ2:~/gke/github/51-GKE-Ingress-ClientIP-Affinity$ cat 02-kube-manifests-without-clientip-affinity/03-ingress.yaml
apiVersion: networking.k8s.io/v1
kind: Ingress
metadata:
  name: ingress-cdn-demo2
  annotations:
    # External Load Balancer
    kubernetes.io/ingress.class: "gce"
    # Static IP for Ingress Service
    kubernetes.io/ingress.global-static-ip-name: "gke-ingress-extip2"
    # External DNS - For creating a Record Set in Google Cloud Cloud DNS
    external-dns.alpha.kubernetes.io/hostname: sara-ngress-without-clientip-affinity.rahulsinha.info
spec:
  defaultBackend:
    service:
      name: cdn-demo-nodeport-service2
      port:
        number: 80
simplyrahul@DESKTOP-C4GRDQ2:~/gke/github/51-GKE-Ingress-ClientIP-Affinity$ cat 02-kube-manifests-without-clientip-affinity/04-backendconfig.yaml
apiVersion: cloud.google.com/v1
kind: BackendConfig
metadata:
  name: my-backendconfig2
spec:
  timeoutSec: 42 # Backend service timeout: https://cloud.google.com/kubernetes-engine/docs/how-to/ingress-features#timeout
  connectionDraining: # Connection draining timeout: https://cloud.google.com/kubernetes-engine/docs/how-to/ingress-features#draining_timeout
    drainingTimeoutSec: 62
  logging: # HTTP access logging: https://cloud.google.com/kubernetes-engine/docs/how-to/ingress-features#http_logging
    enable: true
    sampleRate: 1.0


# sampleRate: Specify a value from 0.0 through 1.0, where 0.0 means no packets are logged
# and 1.0 means 100% of packets are logged. This field is only relevant if enable is set
# to true. sampleRate is an optional field, but if it's configured then enable: true must
# also be set or else it is interpreted as enable: false.    simplyrahul@DESKTOP-C4GRDQ2:~/gke/github/51-GKE-Ingress-ClientIP-Affinity$
simplyrahul@DESKTOP-C4GRDQ2:~/gke/github/51-GKE-Ingress-ClientIP-Affinity$
simplyrahul@DESKTOP-C4GRDQ2:~/gke/github/51-GKE-Ingress-ClientIP-Affinity$ kubectlctl apply -f 02-kube-manifests-without-clientip-affinity/
kubectlctl: command not found
simplyrahul@DESKTOP-C4GRDQ2:~/gke/github/51-GKE-Ingress-ClientIP-Affinity$ kubectl apply -f 02-kube-manifests-without-clientip-affinity/
deployment.apps/cdn-demo-deployment2 created
service/cdn-demo-nodeport-service2 created
Warning: annotation "kubernetes.io/ingress.class" is deprecated, please use 'spec.ingressClassName' instead
ingress.networking.k8s.io/ingress-cdn-demo2 created
backendconfig.cloud.google.com/my-backendconfig2 created
simplyrahul@DESKTOP-C4GRDQ2:~/gke/github/51-GKE-Ingress-ClientIP-Affinity$ vim 02-kube-manifests-without-clientip-affinity/03-ingress.yaml
simplyrahul@DESKTOP-C4GRDQ2:~/gke/github/51-GKE-Ingress-ClientIP-Affinity$ kubectl apply -f 02-kube-manifests-without-clientip-affinity/
deployment.apps/cdn-demo-deployment2 unchanged
service/cdn-demo-nodeport-service2 unchanged
ingress.networking.k8s.io/ingress-cdn-demo2 configured
backendconfig.cloud.google.com/my-backendconfig2 unchanged
simplyrahul@DESKTOP-C4GRDQ2:~/gke/github/51-GKE-Ingress-ClientIP-Affinity$ for i in deploy pods svc ingress backendconfig ; do echo " " && echo "kubectl get ${i} -o wide --show-labels" && kubectl get ${i} -o wide --show-labels && echo ""; done

kubectl get deploy -o wide --show-labels
NAME                   READY   UP-TO-DATE   AVAILABLE   AGE   CONTAINERS   IMAGES                                                              SELECTOR        LABELS
cdn-demo-deployment    4/4     4            4           22m   cdn-demo     us-docker.pkg.dev/google-samples/containers/gke/hello-app-cdn:1.0   app=cdn-demo    <none>
cdn-demo-deployment2   4/4     4            4           45s   cdn-demo2    us-docker.pkg.dev/google-samples/containers/gke/hello-app-cdn:1.0   app=cdn-demo2   <none>


kubectl get pods -o wide --show-labels
NAME                                    READY   STATUS    RESTARTS   AGE   IP            NODE                                                  NOMINATED NODE   READINESS GATES   LABELS
cdn-demo-deployment-79d9dc75df-4hgd6    1/1     Running   0          22m   10.76.1.169   gke-private-standard-22a-default-pool-f62b7b3f-4qbg   <none>           <none>            app=cdn-demo,pod-template-hash=79d9dc75df
cdn-demo-deployment-79d9dc75df-57kfl    1/1     Running   0          22m   10.76.2.30    gke-private-standard-22a-default-pool-76d79b51-6f20   <none>           <none>            app=cdn-demo,pod-template-hash=79d9dc75df
cdn-demo-deployment-79d9dc75df-nr775    1/1     Running   0          22m   10.76.2.31    gke-private-standard-22a-default-pool-76d79b51-6f20   <none>           <none>            app=cdn-demo,pod-template-hash=79d9dc75df
cdn-demo-deployment-79d9dc75df-zcjqn    1/1     Running   0          22m   10.76.0.22    gke-private-standard-22a-default-pool-b8a9f9fd-1hff   <none>           <none>            app=cdn-demo,pod-template-hash=79d9dc75df
cdn-demo-deployment2-6d79b774bf-449gx   1/1     Running   0          48s   10.76.0.23    gke-private-standard-22a-default-pool-b8a9f9fd-1hff   <none>           <none>            app=cdn-demo2,pod-template-hash=6d79b774bf
cdn-demo-deployment2-6d79b774bf-btcdk   1/1     Running   0          47s   10.76.1.171   gke-private-standard-22a-default-pool-f62b7b3f-4qbg   <none>           <none>            app=cdn-demo2,pod-template-hash=6d79b774bf
cdn-demo-deployment2-6d79b774bf-whtvt   1/1     Running   0          48s   10.76.1.170   gke-private-standard-22a-default-pool-f62b7b3f-4qbg   <none>           <none>            app=cdn-demo2,pod-template-hash=6d79b774bf
cdn-demo-deployment2-6d79b774bf-z5xdp   1/1     Running   0          48s   10.76.2.32    gke-private-standard-22a-default-pool-76d79b51-6f20   <none>           <none>            app=cdn-demo2,pod-template-hash=6d79b774bf


kubectl get svc -o wide --show-labels
NAME                         TYPE        CLUSTER-IP    EXTERNAL-IP   PORT(S)        AGE   SELECTOR        LABELS
cdn-demo-nodeport-service    NodePort    10.80.1.15    <none>        80:32037/TCP   22m   app=cdn-demo    <none>
cdn-demo-nodeport-service2   NodePort    10.80.7.153   <none>        80:32288/TCP   50s   app=cdn-demo2   <none>
kubernetes                   ClusterIP   10.80.0.1     <none>        443/TCP        46d   <none>          component=apiserver,provider=kubernetes


kubectl get ingress -o wide --show-labels
NAME                CLASS    HOSTS   ADDRESS       PORTS   AGE   LABELS
ingress-cdn-demo    <none>   *       34.36.100.7   80      22m   <none>
ingress-cdn-demo2   <none>   *                     80      54s   <none>


kubectl get backendconfig -o wide --show-labels
NAME                AGE   LABELS
my-backendconfig    22m   <none>
my-backendconfig2   56s   <none>

simplyrahul@DESKTOP-C4GRDQ2:~/gke/github/51-GKE-Ingress-ClientIP-Affinity$ kubectl describe ingress ingress-cdn-demo2
Name:             ingress-cdn-demo2
Labels:           <none>
Namespace:        default
Address:
Ingress Class:    <none>
Default backend:  cdn-demo-nodeport-service2:80 (10.76.0.23:8080,10.76.1.170:8080,10.76.1.171:8080 + 1 more...)
Rules:
  Host        Path  Backends
  ----        ----  --------
  *           *     cdn-demo-nodeport-service2:80 (10.76.0.23:8080,10.76.1.170:8080,10.76.1.171:8080 + 1 more...)
Annotations:  external-dns.alpha.kubernetes.io/hostname: sara-ingress-without-clientip-affinity.rahulsinha.info
              kubernetes.io/ingress.class: gce
              kubernetes.io/ingress.global-static-ip-name: gke-ingress-extip2
Events:
  Type     Reason     Age                From                     Message
  ----     ------     ----               ----                     -------
  Warning  Translate  88s (x7 over 89s)  loadbalancer-controller  Translation failed: invalid ingress spec: error getting BackendConfig for port "&ServiceBackendPort{Name:,Number:80,}" on service "default/cdn-demo-nodeport-service2", err: no BackendConfig for service port exists.
  Normal   Sync       61s (x3 over 89s)  loadbalancer-controller  Scheduled for sync
  Normal   Sync       11s                loadbalancer-controller  UrlMap "k8s2-um-jdj5k2n0-default-ingress-cdn-demo2-timcp0i7" created
  Normal   Sync       9s                 loadbalancer-controller  TargetProxy "k8s2-tp-jdj5k2n0-default-ingress-cdn-demo2-timcp0i7" created
simplyrahul@DESKTOP-C4GRDQ2:~/gke/github/51-GKE-Ingress-ClientIP-Affinity$ nslookup sara-ingress-without-clientip-affinity.rahulsinha.info
Server:         172.23.192.1
Address:        172.23.192.1#53

** server can't find sara-ingress-without-clientip-affinity.rahulsinha.info: NXDOMAIN

simplyrahul@DESKTOP-C4GRDQ2:~/gke/github/51-GKE-Ingress-ClientIP-Affinity$ nslookup sara-ngress-without-clientip-affinity.rahulsinha.info
Server:         172.23.192.1
Address:        172.23.192.1#53

** server can't find sara-ngress-without-clientip-affinity.rahulsinha.info: NXDOMAIN

simplyrahul@DESKTOP-C4GRDQ2:~/gke/github/51-GKE-Ingress-ClientIP-Affinity$ cat 02-kube-manifests-without-clientip-affinity/04-backendconfig.yaml
apiVersion: cloud.google.com/v1
kind: BackendConfig
metadata:
  name: my-backendconfig2
spec:
  timeoutSec: 42 # Backend service timeout: https://cloud.google.com/kubernetes-engine/docs/how-to/ingress-features#timeout
  connectionDraining: # Connection draining timeout: https://cloud.google.com/kubernetes-engine/docs/how-to/ingress-features#draining_timeout
    drainingTimeoutSec: 62
  logging: # HTTP access logging: https://cloud.google.com/kubernetes-engine/docs/how-to/ingress-features#http_logging
    enable: true
    sampleRate: 1.0


# sampleRate: Specify a value from 0.0 through 1.0, where 0.0 means no packets are logged
# and 1.0 means 100% of packets are logged. This field is only relevant if enable is set
# to true. sampleRate is an optional field, but if it's configured then enable: true must
# also be set or else it is interpreted as enable: false.    simplyrahul@DESKTOP-C4GRDQ2:~/gke/github/51-GKE-Ingress-ClientIP-Affinity$
simplyrahul@DESKTOP-C4GRDQ2:~/gke/github/51-GKE-Ingress-ClientIP-Affinity$
simplyrahul@DESKTOP-C4GRDQ2:~/gke/github/51-GKE-Ingress-ClientIP-Affinity$
simplyrahul@DESKTOP-C4GRDQ2:~/gke/github/51-GKE-Ingress-ClientIP-Affinity$ vim 02-kube-manifests-without-clientip-affinity/03-ingress.yaml
simplyrahul@DESKTOP-C4GRDQ2:~/gke/github/51-GKE-Ingress-ClientIP-Affinity$ vim 02-kube-manifests-without-clientip-affinity/01-kubernetes-deployment.yaml
simplyrahul@DESKTOP-C4GRDQ2:~/gke/github/51-GKE-Ingress-ClientIP-Affinity$ vim 02-kube-manifests-without-clientip-affinity/02-kubernetes-NodePort-service.yaml
simplyrahul@DESKTOP-C4GRDQ2:~/gke/github/51-GKE-Ingress-ClientIP-Affinity$ kubectl describe backendconfig my-backendconfig2
Name:         my-backendconfig2
Namespace:    default
Labels:       <none>
Annotations:  <none>
API Version:  cloud.google.com/v1
Kind:         BackendConfig
Metadata:
  Creation Timestamp:  2023-10-07T14:55:24Z
  Generation:          1
  Resource Version:    45850460
  UID:                 8c9d8e60-49a4-4126-a166-0b82e00fcda1
Spec:
  Connection Draining:
    Draining Timeout Sec:  62
  Logging:
    Enable:       true
    Sample Rate:  1
  Timeout Sec:    42
Events:           <none>
simplyrahul@DESKTOP-C4GRDQ2:~/gke/github/51-GKE-Ingress-ClientIP-Affinity$ nslookup sara-ngress-without-clientip-affinity.rahulsinha.info
Server:         172.23.192.1
Address:        172.23.192.1#53

** server can't find sara-ngress-without-clientip-affinity.rahulsinha.info: NXDOMAIN

simplyrahul@DESKTOP-C4GRDQ2:~/gke/github/51-GKE-Ingress-ClientIP-Affinity$ nslookup sara-ingress-without-clientip-affinity.rahulsinha.info
Server:         172.23.192.1
Address:        172.23.192.1#53

** server can't find sara-ingress-without-clientip-affinity.rahulsinha.info: NXDOMAIN

simplyrahul@DESKTOP-C4GRDQ2:~/gke/github/51-GKE-Ingress-ClientIP-Affinity$ nslookup sara-ingress-with-clientip-affinity.rahulsinha.info
Server:         172.23.192.1
Address:        172.23.192.1#53

Non-authoritative answer:
Name:   sara-ingress-with-clientip-affinity.rahulsinha.info
Address: 34.36.100.7

simplyrahul@DESKTOP-C4GRDQ2:~/gke/github/51-GKE-Ingress-ClientIP-Affinity$ vim 02-kube-manifests-without-clientip-affinity/01-kubernetes-deployment.yaml
simplyrahul@DESKTOP-C4GRDQ2:~/gke/github/51-GKE-Ingress-ClientIP-Affinity$ vim 02-kube-manifests-without-clientip-affinity/02-kubernetes-NodePort-service.yaml
simplyrahul@DESKTOP-C4GRDQ2:~/gke/github/51-GKE-Ingress-ClientIP-Affinity$ vim 02-kube-manifests-without-clientip-affinity/03-ingress.yaml
simplyrahul@DESKTOP-C4GRDQ2:~/gke/github/51-GKE-Ingress-ClientIP-Affinity$ for i in gke-ingress-extip1 gke-ingress-extip2 ; do echo " " && echo "gcloud compute addresses describe ${i} --global" && gcloud compu
te addresses describe ${i} --global && echo " " ; done

gcloud compute addresses describe gke-ingress-extip1 --global
address: 34.36.100.7
addressType: EXTERNAL
creationTimestamp: '2023-09-15T20:10:42.098-07:00'
description: ''
id: '503227057634320989'
ipVersion: IPV4
kind: compute#address
labelFingerprint: 42WmSpB8rSM=
name: gke-ingress-extip1
networkTier: PREMIUM
selfLink: https://www.googleapis.com/compute/v1/projects/expanded-origin-395402/global/addresses/gke-ingress-extip1
status: IN_USE
users:
- https://www.googleapis.com/compute/v1/projects/expanded-origin-395402/global/forwardingRules/k8s2-fr-jdj5k2n0-default-ingress-cdn-demo-yeczyiwl


gcloud compute addresses describe gke-ingress-extip2 --global
address: 34.98.125.106
addressType: EXTERNAL
creationTimestamp: '2023-10-07T06:25:24.386-07:00'
description: ''
id: '955043542563873451'
ipVersion: IPV4
kind: compute#address
labelFingerprint: 42WmSpB8rSM=
name: gke-ingress-extip2
networkTier: PREMIUM
selfLink: https://www.googleapis.com/compute/v1/projects/expanded-origin-395402/global/addresses/gke-ingress-extip2
status: IN_USE
users:
- https://www.googleapis.com/compute/v1/projects/expanded-origin-395402/global/forwardingRules/k8s2-fr-jdj5k2n0-default-ingress-cdn-demo2-timcp0i7

simplyrahul@DESKTOP-C4GRDQ2:~/gke/github/51-GKE-Ingress-ClientIP-Affinity$ cat 02-kube-manifests-without-clientip-affinity/03-ingress.yaml
apiVersion: networking.k8s.io/v1
kind: Ingress
metadata:
  name: ingress-cdn-demo2
  annotations:
    # External Load Balancer
    kubernetes.io/ingress.class: "gce"
    # Static IP for Ingress Service
    kubernetes.io/ingress.global-static-ip-name: "gke-ingress-extip2"
    # External DNS - For creating a Record Set in Google Cloud Cloud DNS
    external-dns.alpha.kubernetes.io/hostname: sara-ingress-without-clientip-affinity.rahulsinha.info
spec:
  defaultBackend:
    service:
      name: cdn-demo-nodeport-service2
      port:
        number: 80
simplyrahul@DESKTOP-C4GRDQ2:~/gke/github/51-GKE-Ingress-ClientIP-Affinity$ nslookup sara-ingress-without-clientip-affinity.rahulsinha.info
Server:         172.23.192.1
Address:        172.23.192.1#53

** server can't find sara-ingress-without-clientip-affinity.rahulsinha.info: NXDOMAIN

simplyrahul@DESKTOP-C4GRDQ2:~/gke/github/51-GKE-Ingress-ClientIP-Affinity$ curl http://sara-ingress-without-clientip-affinity.rahulsinha.info
curl: (6) Could not resolve host: sara-ingress-without-clientip-affinity.rahulsinha.info
simplyrahul@DESKTOP-C4GRDQ2:~/gke/github/51-GKE-Ingress-ClientIP-Affinity$ cp /mnt/c/Users/Rahul/Downloads/nslookup_sara-ingress-with-clientip-affinity-rahulsinha.info.png .
simplyrahul@DESKTOP-C4GRDQ2:~/gke/github/51-GKE-Ingress-ClientIP-Affinity$
simplyrahul@DESKTOP-C4GRDQ2:~/gke/github/51-GKE-Ingress-ClientIP-Affinity$ ls -ltr
total 468
-rw-r--r-- 1 simplyrahul simplyrahul   7588 Aug 26 14:03 README.md
-rw-r--r-- 1 simplyrahul simplyrahul   4307 Oct  7 21:26 02-external-ip.txt
-rwxr-xr-x 1 simplyrahul simplyrahul 110857 Oct  7 21:30 GCP_VPC-PrivateIPs.png
drwxr-xr-x 2 simplyrahul simplyrahul   4096 Oct  7 22:33 01-kube-manifests-with-clientip-affinity
-rwxr-xr-x 1 simplyrahul simplyrahul 159333 Oct  7 22:47 ingress-session-affinity-clinetip.png
drwxr-xr-x 2 simplyrahul simplyrahul   4096 Oct  7 23:01 02-kube-manifests-without-clientip-affinity
-rwxr-xr-x 1 simplyrahul simplyrahul 176807 Oct  7 23:11 nslookup_sara-ingress-with-clientip-affinity-rahulsinha.info.png
simplyrahul@DESKTOP-C4GRDQ2:~/gke/github/51-GKE-Ingress-ClientIP-Affinity$ cp /mnt/c/Users/Rahul/Downloads/nslookup_sara-ingress-without-clientip-affinity-rahulsinha.info.png .
simplyrahul@DESKTOP-C4GRDQ2:~/gke/github/51-GKE-Ingress-ClientIP-Affinity$ ls -ltr
total 640
-rw-r--r-- 1 simplyrahul simplyrahul   7588 Aug 26 14:03 README.md
-rw-r--r-- 1 simplyrahul simplyrahul   4307 Oct  7 21:26 02-external-ip.txt
-rwxr-xr-x 1 simplyrahul simplyrahul 110857 Oct  7 21:30 GCP_VPC-PrivateIPs.png
drwxr-xr-x 2 simplyrahul simplyrahul   4096 Oct  7 22:33 01-kube-manifests-with-clientip-affinity
-rwxr-xr-x 1 simplyrahul simplyrahul 159333 Oct  7 22:47 ingress-session-affinity-clinetip.png
drwxr-xr-x 2 simplyrahul simplyrahul   4096 Oct  7 23:01 02-kube-manifests-without-clientip-affinity
-rwxr-xr-x 1 simplyrahul simplyrahul 176807 Oct  7 23:11 nslookup_sara-ingress-with-clientip-affinity-rahulsinha.info.png
-rwxr-xr-x 1 simplyrahul simplyrahul 175864 Oct  7 23:11 nslookup_sara-ingress-without-clientip-affinity-rahulsinha.info.png


